[2024-01-05T10:28:59.117-0300] {processor.py:157} INFO - Started process (PID=11137) to work on /home/felipe/airflow/dags/dag.py
[2024-01-05T10:28:59.118-0300] {processor.py:829} INFO - Processing file /home/felipe/airflow/dags/dag.py for tasks to queue
[2024-01-05T10:28:59.118-0300] {logging_mixin.py:154} INFO - [2024-01-05T10:28:59.118-0300] {dagbag.py:536} INFO - Filling up the DagBag from /home/felipe/airflow/dags/dag.py
[2024-01-05T10:29:00.448-0300] {logging_mixin.py:154} INFO - SAVING FILE sp
[2024-01-05T10:29:02.111-0300] {logging_mixin.py:154} INFO - SAVING FILE df
[2024-01-05T10:29:29.119-0300] {logging_mixin.py:154} INFO - [2024-01-05T10:29:29.119-0300] {timeout.py:68} ERROR - Process timed out, PID: 11137
[2024-01-05T10:29:29.120-0300] {logging_mixin.py:154} INFO - rio - Error: DagBag import timeout for /home/felipe/airflow/dags/dag.py after 30.0s.
Please take a look at these docs to improve your DAG import time:
* https://airflow.apache.org/docs/apache-airflow/2.7.3/best-practices.html#top-level-python-code
* https://airflow.apache.org/docs/apache-airflow/2.7.3/best-practices.html#reducing-dag-complexity, PID: 11137
[2024-01-05T10:29:29.168-0300] {logging_mixin.py:154} INFO - [2024-01-05T10:29:29.120-0300] {dagbag.py:346} ERROR - Failed to import: /home/felipe/airflow/dags/dag.py
Traceback (most recent call last):
  File "/home/felipe/airflow/dags/cities/rio.py", line 28, in rio
    response = req()
               ^^^^^
  File "/home/felipe/airflow/dags/cities/rio.py", line 8, in req
    response = requests.get(API_URL).json()
               ^^^^^^^^^^^^^^^^^^^^^
  File "/home/felipe/.local/lib/python3.11/site-packages/requests/api.py", line 73, in get
    return request("get", url, params=params, **kwargs)
           ^^^^^^^^^^^^^^^^^^^^^^^^^^^^^^^^^^^^^^^^^^^^
  File "/home/felipe/.local/lib/python3.11/site-packages/requests/api.py", line 59, in request
    return session.request(method=method, url=url, **kwargs)
           ^^^^^^^^^^^^^^^^^^^^^^^^^^^^^^^^^^^^^^^^^^^^^^^^^
  File "/home/felipe/.local/lib/python3.11/site-packages/requests/sessions.py", line 589, in request
    resp = self.send(prep, **send_kwargs)
           ^^^^^^^^^^^^^^^^^^^^^^^^^^^^^^
  File "/home/felipe/.local/lib/python3.11/site-packages/requests/sessions.py", line 747, in send
    r.content
  File "/home/felipe/.local/lib/python3.11/site-packages/requests/models.py", line 899, in content
    self._content = b"".join(self.iter_content(CONTENT_CHUNK_SIZE)) or b""
                    ^^^^^^^^^^^^^^^^^^^^^^^^^^^^^^^^^^^^^^^^^^^^^^^
  File "/home/felipe/.local/lib/python3.11/site-packages/requests/models.py", line 816, in generate
    yield from self.raw.stream(chunk_size, decode_content=True)
  File "/home/felipe/.local/lib/python3.11/site-packages/urllib3/response.py", line 624, in stream
    for line in self.read_chunked(amt, decode_content=decode_content):
  File "/home/felipe/.local/lib/python3.11/site-packages/urllib3/response.py", line 828, in read_chunked
    self._update_chunk_length()
  File "/home/felipe/.local/lib/python3.11/site-packages/urllib3/response.py", line 758, in _update_chunk_length
    line = self._fp.fp.readline()
           ^^^^^^^^^^^^^^^^^^^^^^
  File "/usr/lib/python3.11/socket.py", line 706, in readinto
    return self._sock.recv_into(b)
           ^^^^^^^^^^^^^^^^^^^^^^^
  File "/usr/lib/python3.11/ssl.py", line 1307, in recv_into
    return self.read(nbytes, buffer)
           ^^^^^^^^^^^^^^^^^^^^^^^^^
  File "/usr/lib/python3.11/ssl.py", line 1163, in read
    return self._sslobj.read(len, buffer)
           ^^^^^^^^^^^^^^^^^^^^^^^^^^^^^^
  File "/home/felipe/.local/lib/python3.11/site-packages/airflow/utils/timeout.py", line 69, in handle_timeout
    raise AirflowTaskTimeout(self.error_message)
airflow.exceptions.AirflowTaskTimeout: DagBag import timeout for /home/felipe/airflow/dags/dag.py after 30.0s.
Please take a look at these docs to improve your DAG import time:
* https://airflow.apache.org/docs/apache-airflow/2.7.3/best-practices.html#top-level-python-code
* https://airflow.apache.org/docs/apache-airflow/2.7.3/best-practices.html#reducing-dag-complexity, PID: 11137

During handling of the above exception, another exception occurred:

Traceback (most recent call last):
  File "/home/felipe/.local/lib/python3.11/site-packages/airflow/models/dagbag.py", line 342, in parse
    loader.exec_module(new_module)
  File "<frozen importlib._bootstrap_external>", line 940, in exec_module
  File "<frozen importlib._bootstrap>", line 241, in _call_with_frames_removed
  File "/home/felipe/airflow/dags/dag.py", line 9, in <module>
    from cities.rio import rio
  File "/home/felipe/airflow/dags/cities/rio.py", line 35, in <module>
    rio()
  File "/home/felipe/airflow/dags/cities/rio.py", line 33, in rio
    raise ValueError('Erro em RJ!')
ValueError: Erro em RJ!
[2024-01-05T10:29:29.173-0300] {processor.py:841} WARNING - No viable dags retrieved from /home/felipe/airflow/dags/dag.py
[2024-01-05T10:29:29.186-0300] {processor.py:179} INFO - Processing /home/felipe/airflow/dags/dag.py took 30.071 seconds
[2024-01-05T10:30:17.617-0300] {processor.py:157} INFO - Started process (PID=11273) to work on /home/felipe/airflow/dags/dag.py
[2024-01-05T10:30:17.649-0300] {processor.py:829} INFO - Processing file /home/felipe/airflow/dags/dag.py for tasks to queue
[2024-01-05T10:30:17.649-0300] {logging_mixin.py:154} INFO - [2024-01-05T10:30:17.649-0300] {dagbag.py:536} INFO - Filling up the DagBag from /home/felipe/airflow/dags/dag.py
[2024-01-05T10:30:18.831-0300] {logging_mixin.py:154} INFO - SAVING FILE sp
[2024-01-05T10:30:19.267-0300] {logging_mixin.py:154} INFO - SAVING FILE df
[2024-01-05T10:30:47.650-0300] {logging_mixin.py:154} INFO - [2024-01-05T10:30:47.650-0300] {timeout.py:68} ERROR - Process timed out, PID: 11273
[2024-01-05T10:30:47.652-0300] {logging_mixin.py:154} INFO - rio - Error: DagBag import timeout for /home/felipe/airflow/dags/dag.py after 30.0s.
Please take a look at these docs to improve your DAG import time:
* https://airflow.apache.org/docs/apache-airflow/2.7.3/best-practices.html#top-level-python-code
* https://airflow.apache.org/docs/apache-airflow/2.7.3/best-practices.html#reducing-dag-complexity, PID: 11273
[2024-01-05T10:30:47.654-0300] {logging_mixin.py:154} INFO - [2024-01-05T10:30:47.652-0300] {dagbag.py:346} ERROR - Failed to import: /home/felipe/airflow/dags/dag.py
Traceback (most recent call last):
  File "/home/felipe/airflow/dags/cities/rio.py", line 28, in rio
    response = req()
               ^^^^^
  File "/home/felipe/airflow/dags/cities/rio.py", line 8, in req
    response = requests.get(API_URL).json()
               ^^^^^^^^^^^^^^^^^^^^^
  File "/home/felipe/.local/lib/python3.11/site-packages/requests/api.py", line 73, in get
    return request("get", url, params=params, **kwargs)
           ^^^^^^^^^^^^^^^^^^^^^^^^^^^^^^^^^^^^^^^^^^^^
  File "/home/felipe/.local/lib/python3.11/site-packages/requests/api.py", line 59, in request
    return session.request(method=method, url=url, **kwargs)
           ^^^^^^^^^^^^^^^^^^^^^^^^^^^^^^^^^^^^^^^^^^^^^^^^^
  File "/home/felipe/.local/lib/python3.11/site-packages/requests/sessions.py", line 589, in request
    resp = self.send(prep, **send_kwargs)
           ^^^^^^^^^^^^^^^^^^^^^^^^^^^^^^
  File "/home/felipe/.local/lib/python3.11/site-packages/requests/sessions.py", line 747, in send
    r.content
  File "/home/felipe/.local/lib/python3.11/site-packages/requests/models.py", line 899, in content
    self._content = b"".join(self.iter_content(CONTENT_CHUNK_SIZE)) or b""
                    ^^^^^^^^^^^^^^^^^^^^^^^^^^^^^^^^^^^^^^^^^^^^^^^
  File "/home/felipe/.local/lib/python3.11/site-packages/requests/models.py", line 816, in generate
    yield from self.raw.stream(chunk_size, decode_content=True)
  File "/home/felipe/.local/lib/python3.11/site-packages/urllib3/response.py", line 624, in stream
    for line in self.read_chunked(amt, decode_content=decode_content):
  File "/home/felipe/.local/lib/python3.11/site-packages/urllib3/response.py", line 832, in read_chunked
    decoded = self._decode(
              ^^^^^^^^^^^^^
  File "/home/felipe/.local/lib/python3.11/site-packages/urllib3/response.py", line 407, in _decode
    data = self._decoder.decompress(data)
           ^^^^^^^^^^^^^^^^^^^^^^^^^^^^^^
  File "/home/felipe/.local/lib/python3.11/site-packages/urllib3/response.py", line 94, in decompress
    ret += self._obj.decompress(data)
           ^^^^^^^^^^^^^^^^^^^^^^^^^^
  File "/home/felipe/.local/lib/python3.11/site-packages/airflow/utils/timeout.py", line 69, in handle_timeout
    raise AirflowTaskTimeout(self.error_message)
airflow.exceptions.AirflowTaskTimeout: DagBag import timeout for /home/felipe/airflow/dags/dag.py after 30.0s.
Please take a look at these docs to improve your DAG import time:
* https://airflow.apache.org/docs/apache-airflow/2.7.3/best-practices.html#top-level-python-code
* https://airflow.apache.org/docs/apache-airflow/2.7.3/best-practices.html#reducing-dag-complexity, PID: 11273

During handling of the above exception, another exception occurred:

Traceback (most recent call last):
  File "/home/felipe/.local/lib/python3.11/site-packages/airflow/models/dagbag.py", line 342, in parse
    loader.exec_module(new_module)
  File "<frozen importlib._bootstrap_external>", line 940, in exec_module
  File "<frozen importlib._bootstrap>", line 241, in _call_with_frames_removed
  File "/home/felipe/airflow/dags/dag.py", line 9, in <module>
    from cities.rio import rio
  File "/home/felipe/airflow/dags/cities/rio.py", line 35, in <module>
    rio()
  File "/home/felipe/airflow/dags/cities/rio.py", line 33, in rio
    raise ValueError('Erro em RJ!')
ValueError: Erro em RJ!
[2024-01-05T10:30:47.675-0300] {processor.py:841} WARNING - No viable dags retrieved from /home/felipe/airflow/dags/dag.py
[2024-01-05T10:30:47.717-0300] {processor.py:179} INFO - Processing /home/felipe/airflow/dags/dag.py took 30.102 seconds
[2024-01-05T10:31:32.994-0300] {processor.py:157} INFO - Started process (PID=11413) to work on /home/felipe/airflow/dags/dag.py
[2024-01-05T10:31:33.026-0300] {processor.py:829} INFO - Processing file /home/felipe/airflow/dags/dag.py for tasks to queue
[2024-01-05T10:31:33.027-0300] {logging_mixin.py:154} INFO - [2024-01-05T10:31:33.027-0300] {dagbag.py:536} INFO - Filling up the DagBag from /home/felipe/airflow/dags/dag.py
[2024-01-05T10:31:34.250-0300] {logging_mixin.py:154} INFO - SAVING FILE sp
[2024-01-05T10:31:35.483-0300] {logging_mixin.py:154} INFO - SAVING FILE df
[2024-01-05T10:32:03.028-0300] {logging_mixin.py:154} INFO - [2024-01-05T10:32:03.028-0300] {timeout.py:68} ERROR - Process timed out, PID: 11413
[2024-01-05T10:32:03.029-0300] {logging_mixin.py:154} INFO - rio - Error: DagBag import timeout for /home/felipe/airflow/dags/dag.py after 30.0s.
Please take a look at these docs to improve your DAG import time:
* https://airflow.apache.org/docs/apache-airflow/2.7.3/best-practices.html#top-level-python-code
* https://airflow.apache.org/docs/apache-airflow/2.7.3/best-practices.html#reducing-dag-complexity, PID: 11413
[2024-01-05T10:32:03.072-0300] {logging_mixin.py:154} INFO - [2024-01-05T10:32:03.029-0300] {dagbag.py:346} ERROR - Failed to import: /home/felipe/airflow/dags/dag.py
Traceback (most recent call last):
  File "/home/felipe/airflow/dags/cities/rio.py", line 28, in rio
    response = req()
               ^^^^^
  File "/home/felipe/airflow/dags/cities/rio.py", line 8, in req
    response = requests.get(API_URL).json()
               ^^^^^^^^^^^^^^^^^^^^^
  File "/home/felipe/.local/lib/python3.11/site-packages/requests/api.py", line 73, in get
    return request("get", url, params=params, **kwargs)
           ^^^^^^^^^^^^^^^^^^^^^^^^^^^^^^^^^^^^^^^^^^^^
  File "/home/felipe/.local/lib/python3.11/site-packages/requests/api.py", line 59, in request
    return session.request(method=method, url=url, **kwargs)
           ^^^^^^^^^^^^^^^^^^^^^^^^^^^^^^^^^^^^^^^^^^^^^^^^^
  File "/home/felipe/.local/lib/python3.11/site-packages/requests/sessions.py", line 589, in request
    resp = self.send(prep, **send_kwargs)
           ^^^^^^^^^^^^^^^^^^^^^^^^^^^^^^
  File "/home/felipe/.local/lib/python3.11/site-packages/requests/sessions.py", line 703, in send
    r = adapter.send(request, **kwargs)
        ^^^^^^^^^^^^^^^^^^^^^^^^^^^^^^^
  File "/home/felipe/.local/lib/python3.11/site-packages/requests/adapters.py", line 486, in send
    resp = conn.urlopen(
           ^^^^^^^^^^^^^
  File "/home/felipe/.local/lib/python3.11/site-packages/urllib3/connectionpool.py", line 715, in urlopen
    httplib_response = self._make_request(
                       ^^^^^^^^^^^^^^^^^^^
  File "/home/felipe/.local/lib/python3.11/site-packages/urllib3/connectionpool.py", line 467, in _make_request
    six.raise_from(e, None)
  File "<string>", line 3, in raise_from
  File "/home/felipe/.local/lib/python3.11/site-packages/urllib3/connectionpool.py", line 462, in _make_request
    httplib_response = conn.getresponse()
                       ^^^^^^^^^^^^^^^^^^
  File "/usr/lib/python3.11/http/client.py", line 1378, in getresponse
    response.begin()
  File "/usr/lib/python3.11/http/client.py", line 318, in begin
    version, status, reason = self._read_status()
                              ^^^^^^^^^^^^^^^^^^^
  File "/usr/lib/python3.11/http/client.py", line 279, in _read_status
    line = str(self.fp.readline(_MAXLINE + 1), "iso-8859-1")
               ^^^^^^^^^^^^^^^^^^^^^^^^^^^^^^
  File "/usr/lib/python3.11/socket.py", line 706, in readinto
    return self._sock.recv_into(b)
           ^^^^^^^^^^^^^^^^^^^^^^^
  File "/usr/lib/python3.11/ssl.py", line 1307, in recv_into
    return self.read(nbytes, buffer)
           ^^^^^^^^^^^^^^^^^^^^^^^^^
  File "/usr/lib/python3.11/ssl.py", line 1163, in read
    return self._sslobj.read(len, buffer)
           ^^^^^^^^^^^^^^^^^^^^^^^^^^^^^^
  File "/home/felipe/.local/lib/python3.11/site-packages/airflow/utils/timeout.py", line 69, in handle_timeout
    raise AirflowTaskTimeout(self.error_message)
airflow.exceptions.AirflowTaskTimeout: DagBag import timeout for /home/felipe/airflow/dags/dag.py after 30.0s.
Please take a look at these docs to improve your DAG import time:
* https://airflow.apache.org/docs/apache-airflow/2.7.3/best-practices.html#top-level-python-code
* https://airflow.apache.org/docs/apache-airflow/2.7.3/best-practices.html#reducing-dag-complexity, PID: 11413

During handling of the above exception, another exception occurred:

Traceback (most recent call last):
  File "/home/felipe/.local/lib/python3.11/site-packages/airflow/models/dagbag.py", line 342, in parse
    loader.exec_module(new_module)
  File "<frozen importlib._bootstrap_external>", line 940, in exec_module
  File "<frozen importlib._bootstrap>", line 241, in _call_with_frames_removed
  File "/home/felipe/airflow/dags/dag.py", line 9, in <module>
    from cities.rio import rio
  File "/home/felipe/airflow/dags/cities/rio.py", line 35, in <module>
    rio()
  File "/home/felipe/airflow/dags/cities/rio.py", line 33, in rio
    raise ValueError('Erro em RJ!')
ValueError: Erro em RJ!
[2024-01-05T10:32:03.074-0300] {processor.py:841} WARNING - No viable dags retrieved from /home/felipe/airflow/dags/dag.py
[2024-01-05T10:32:03.083-0300] {processor.py:179} INFO - Processing /home/felipe/airflow/dags/dag.py took 30.090 seconds
[2024-01-05T10:32:50.425-0300] {processor.py:157} INFO - Started process (PID=11515) to work on /home/felipe/airflow/dags/dag.py
[2024-01-05T10:32:50.457-0300] {processor.py:829} INFO - Processing file /home/felipe/airflow/dags/dag.py for tasks to queue
[2024-01-05T10:32:50.458-0300] {logging_mixin.py:154} INFO - [2024-01-05T10:32:50.458-0300] {dagbag.py:536} INFO - Filling up the DagBag from /home/felipe/airflow/dags/dag.py
[2024-01-05T10:32:51.663-0300] {logging_mixin.py:154} INFO - SAVING FILE sp
[2024-01-05T10:32:52.091-0300] {logging_mixin.py:154} INFO - SAVING FILE df
[2024-01-05T10:33:20.459-0300] {logging_mixin.py:154} INFO - [2024-01-05T10:33:20.459-0300] {timeout.py:68} ERROR - Process timed out, PID: 11515
[2024-01-05T10:33:20.460-0300] {logging_mixin.py:154} INFO - rio - Error: DagBag import timeout for /home/felipe/airflow/dags/dag.py after 30.0s.
Please take a look at these docs to improve your DAG import time:
* https://airflow.apache.org/docs/apache-airflow/2.7.3/best-practices.html#top-level-python-code
* https://airflow.apache.org/docs/apache-airflow/2.7.3/best-practices.html#reducing-dag-complexity, PID: 11515
[2024-01-05T10:33:20.462-0300] {logging_mixin.py:154} INFO - [2024-01-05T10:33:20.460-0300] {dagbag.py:346} ERROR - Failed to import: /home/felipe/airflow/dags/dag.py
Traceback (most recent call last):
  File "/home/felipe/airflow/dags/cities/rio.py", line 28, in rio
    response = req()
               ^^^^^
  File "/home/felipe/airflow/dags/cities/rio.py", line 8, in req
    response = requests.get(API_URL).json()
               ^^^^^^^^^^^^^^^^^^^^^
  File "/home/felipe/.local/lib/python3.11/site-packages/requests/api.py", line 73, in get
    return request("get", url, params=params, **kwargs)
           ^^^^^^^^^^^^^^^^^^^^^^^^^^^^^^^^^^^^^^^^^^^^
  File "/home/felipe/.local/lib/python3.11/site-packages/requests/api.py", line 59, in request
    return session.request(method=method, url=url, **kwargs)
           ^^^^^^^^^^^^^^^^^^^^^^^^^^^^^^^^^^^^^^^^^^^^^^^^^
  File "/home/felipe/.local/lib/python3.11/site-packages/requests/sessions.py", line 589, in request
    resp = self.send(prep, **send_kwargs)
           ^^^^^^^^^^^^^^^^^^^^^^^^^^^^^^
  File "/home/felipe/.local/lib/python3.11/site-packages/requests/sessions.py", line 747, in send
    r.content
  File "/home/felipe/.local/lib/python3.11/site-packages/requests/models.py", line 899, in content
    self._content = b"".join(self.iter_content(CONTENT_CHUNK_SIZE)) or b""
                    ^^^^^^^^^^^^^^^^^^^^^^^^^^^^^^^^^^^^^^^^^^^^^^^
  File "/home/felipe/.local/lib/python3.11/site-packages/requests/models.py", line 816, in generate
    yield from self.raw.stream(chunk_size, decode_content=True)
  File "/home/felipe/.local/lib/python3.11/site-packages/urllib3/response.py", line 624, in stream
    for line in self.read_chunked(amt, decode_content=decode_content):
  File "/home/felipe/.local/lib/python3.11/site-packages/urllib3/response.py", line 831, in read_chunked
    chunk = self._handle_chunk(amt)
            ^^^^^^^^^^^^^^^^^^^^^^^
  File "/home/felipe/.local/lib/python3.11/site-packages/urllib3/response.py", line 784, in _handle_chunk
    returned_chunk = self._fp._safe_read(self.chunk_left)
                     ^^^^^^^^^^^^^^^^^^^^^^^^^^^^^^^^^^^^
  File "/usr/lib/python3.11/http/client.py", line 631, in _safe_read
    data = self.fp.read(amt)
           ^^^^^^^^^^^^^^^^^
  File "/usr/lib/python3.11/socket.py", line 706, in readinto
    return self._sock.recv_into(b)
           ^^^^^^^^^^^^^^^^^^^^^^^
  File "/usr/lib/python3.11/ssl.py", line 1307, in recv_into
    return self.read(nbytes, buffer)
           ^^^^^^^^^^^^^^^^^^^^^^^^^
  File "/usr/lib/python3.11/ssl.py", line 1163, in read
    return self._sslobj.read(len, buffer)
           ^^^^^^^^^^^^^^^^^^^^^^^^^^^^^^
  File "/home/felipe/.local/lib/python3.11/site-packages/airflow/utils/timeout.py", line 69, in handle_timeout
    raise AirflowTaskTimeout(self.error_message)
airflow.exceptions.AirflowTaskTimeout: DagBag import timeout for /home/felipe/airflow/dags/dag.py after 30.0s.
Please take a look at these docs to improve your DAG import time:
* https://airflow.apache.org/docs/apache-airflow/2.7.3/best-practices.html#top-level-python-code
* https://airflow.apache.org/docs/apache-airflow/2.7.3/best-practices.html#reducing-dag-complexity, PID: 11515

During handling of the above exception, another exception occurred:

Traceback (most recent call last):
  File "/home/felipe/.local/lib/python3.11/site-packages/airflow/models/dagbag.py", line 342, in parse
    loader.exec_module(new_module)
  File "<frozen importlib._bootstrap_external>", line 940, in exec_module
  File "<frozen importlib._bootstrap>", line 241, in _call_with_frames_removed
  File "/home/felipe/airflow/dags/dag.py", line 9, in <module>
    from cities.rio import rio
  File "/home/felipe/airflow/dags/cities/rio.py", line 35, in <module>
    rio()
  File "/home/felipe/airflow/dags/cities/rio.py", line 33, in rio
    raise ValueError('Erro em RJ!')
ValueError: Erro em RJ!
[2024-01-05T10:33:20.467-0300] {processor.py:841} WARNING - No viable dags retrieved from /home/felipe/airflow/dags/dag.py
[2024-01-05T10:33:20.507-0300] {processor.py:179} INFO - Processing /home/felipe/airflow/dags/dag.py took 30.084 seconds
[2024-01-05T10:33:37.000-0300] {processor.py:157} INFO - Started process (PID=11593) to work on /home/felipe/airflow/dags/dag.py
[2024-01-05T10:33:37.032-0300] {processor.py:829} INFO - Processing file /home/felipe/airflow/dags/dag.py for tasks to queue
[2024-01-05T10:33:37.032-0300] {logging_mixin.py:154} INFO - [2024-01-05T10:33:37.032-0300] {dagbag.py:536} INFO - Filling up the DagBag from /home/felipe/airflow/dags/dag.py
[2024-01-05T10:33:38.231-0300] {logging_mixin.py:154} INFO - SAVING FILE sp
[2024-01-05T10:33:41.384-0300] {logging_mixin.py:154} INFO - SAVING FILE df
[2024-01-05T10:34:07.365-0300] {logging_mixin.py:154} INFO - [2024-01-05T10:34:07.365-0300] {timeout.py:68} ERROR - Process timed out, PID: 11593
[2024-01-05T10:34:07.628-0300] {logging_mixin.py:154} INFO - rio - Error: DagBag import timeout for /home/felipe/airflow/dags/dag.py after 30.0s.
Please take a look at these docs to improve your DAG import time:
* https://airflow.apache.org/docs/apache-airflow/2.7.3/best-practices.html#top-level-python-code
* https://airflow.apache.org/docs/apache-airflow/2.7.3/best-practices.html#reducing-dag-complexity, PID: 11593
[2024-01-05T10:34:07.631-0300] {logging_mixin.py:154} INFO - [2024-01-05T10:34:07.628-0300] {dagbag.py:346} ERROR - Failed to import: /home/felipe/airflow/dags/dag.py
Traceback (most recent call last):
  File "/home/felipe/airflow/dags/cities/rio.py", line 28, in rio
    response = req()
               ^^^^^
  File "/home/felipe/airflow/dags/cities/rio.py", line 8, in req
    response = requests.get(API_URL).json()
               ^^^^^^^^^^^^^^^^^^^^^^^^^^^^
  File "/home/felipe/.local/lib/python3.11/site-packages/requests/models.py", line 971, in json
    return complexjson.loads(self.text, **kwargs)
           ^^^^^^^^^^^^^^^^^^^^^^^^^^^^^^^^^^^^^^
  File "/usr/lib/python3.11/json/__init__.py", line 346, in loads
    return _default_decoder.decode(s)
           ^^^^^^^^^^^^^^^^^^^^^^^^^^
  File "/usr/lib/python3.11/json/decoder.py", line 337, in decode
    obj, end = self.raw_decode(s, idx=_w(s, 0).end())
               ^^^^^^^^^^^^^^^^^^^^^^^^^^^^^^^^^^^^^^
  File "/usr/lib/python3.11/json/decoder.py", line 353, in raw_decode
    obj, end = self.scan_once(s, idx)
               ^^^^^^^^^^^^^^^^^^^^^^
  File "/home/felipe/.local/lib/python3.11/site-packages/airflow/utils/timeout.py", line 69, in handle_timeout
    raise AirflowTaskTimeout(self.error_message)
airflow.exceptions.AirflowTaskTimeout: DagBag import timeout for /home/felipe/airflow/dags/dag.py after 30.0s.
Please take a look at these docs to improve your DAG import time:
* https://airflow.apache.org/docs/apache-airflow/2.7.3/best-practices.html#top-level-python-code
* https://airflow.apache.org/docs/apache-airflow/2.7.3/best-practices.html#reducing-dag-complexity, PID: 11593

During handling of the above exception, another exception occurred:

Traceback (most recent call last):
  File "/home/felipe/.local/lib/python3.11/site-packages/airflow/models/dagbag.py", line 342, in parse
    loader.exec_module(new_module)
  File "<frozen importlib._bootstrap_external>", line 940, in exec_module
  File "<frozen importlib._bootstrap>", line 241, in _call_with_frames_removed
  File "/home/felipe/airflow/dags/dag.py", line 9, in <module>
    from cities.rio import rio
  File "/home/felipe/airflow/dags/cities/rio.py", line 35, in <module>
    rio()
  File "/home/felipe/airflow/dags/cities/rio.py", line 33, in rio
    raise ValueError('Erro em RJ!')
ValueError: Erro em RJ!
[2024-01-05T10:34:07.660-0300] {processor.py:841} WARNING - No viable dags retrieved from /home/felipe/airflow/dags/dag.py
[2024-01-05T10:34:07.666-0300] {processor.py:179} INFO - Processing /home/felipe/airflow/dags/dag.py took 30.668 seconds
[2024-01-05T10:34:38.035-0300] {processor.py:157} INFO - Started process (PID=11656) to work on /home/felipe/airflow/dags/dag.py
[2024-01-05T10:34:38.067-0300] {processor.py:829} INFO - Processing file /home/felipe/airflow/dags/dag.py for tasks to queue
[2024-01-05T10:34:38.068-0300] {logging_mixin.py:154} INFO - [2024-01-05T10:34:38.068-0300] {dagbag.py:536} INFO - Filling up the DagBag from /home/felipe/airflow/dags/dag.py
[2024-01-05T10:34:39.311-0300] {logging_mixin.py:154} INFO - SAVING FILE sp
[2024-01-05T10:34:42.880-0300] {logging_mixin.py:154} INFO - SAVING FILE df
[2024-01-05T10:35:08.070-0300] {logging_mixin.py:154} INFO - [2024-01-05T10:35:08.069-0300] {timeout.py:68} ERROR - Process timed out, PID: 11656
[2024-01-05T10:35:08.071-0300] {logging_mixin.py:154} INFO - rio - Error: DagBag import timeout for /home/felipe/airflow/dags/dag.py after 30.0s.
Please take a look at these docs to improve your DAG import time:
* https://airflow.apache.org/docs/apache-airflow/2.7.3/best-practices.html#top-level-python-code
* https://airflow.apache.org/docs/apache-airflow/2.7.3/best-practices.html#reducing-dag-complexity, PID: 11656
[2024-01-05T10:35:08.074-0300] {logging_mixin.py:154} INFO - [2024-01-05T10:35:08.071-0300] {dagbag.py:346} ERROR - Failed to import: /home/felipe/airflow/dags/dag.py
Traceback (most recent call last):
  File "/home/felipe/airflow/dags/cities/rio.py", line 28, in rio
    response = req()
               ^^^^^
  File "/home/felipe/airflow/dags/cities/rio.py", line 8, in req
    response = requests.get(API_URL).json()
               ^^^^^^^^^^^^^^^^^^^^^
  File "/home/felipe/.local/lib/python3.11/site-packages/requests/api.py", line 73, in get
    return request("get", url, params=params, **kwargs)
           ^^^^^^^^^^^^^^^^^^^^^^^^^^^^^^^^^^^^^^^^^^^^
  File "/home/felipe/.local/lib/python3.11/site-packages/requests/api.py", line 59, in request
    return session.request(method=method, url=url, **kwargs)
           ^^^^^^^^^^^^^^^^^^^^^^^^^^^^^^^^^^^^^^^^^^^^^^^^^
  File "/home/felipe/.local/lib/python3.11/site-packages/requests/sessions.py", line 589, in request
    resp = self.send(prep, **send_kwargs)
           ^^^^^^^^^^^^^^^^^^^^^^^^^^^^^^
  File "/home/felipe/.local/lib/python3.11/site-packages/requests/sessions.py", line 747, in send
    r.content
  File "/home/felipe/.local/lib/python3.11/site-packages/requests/models.py", line 899, in content
    self._content = b"".join(self.iter_content(CONTENT_CHUNK_SIZE)) or b""
                    ^^^^^^^^^^^^^^^^^^^^^^^^^^^^^^^^^^^^^^^^^^^^^^^
  File "/home/felipe/.local/lib/python3.11/site-packages/requests/models.py", line 816, in generate
    yield from self.raw.stream(chunk_size, decode_content=True)
  File "/home/felipe/.local/lib/python3.11/site-packages/urllib3/response.py", line 624, in stream
    for line in self.read_chunked(amt, decode_content=decode_content):
  File "/home/felipe/.local/lib/python3.11/site-packages/urllib3/response.py", line 828, in read_chunked
    self._update_chunk_length()
  File "/home/felipe/.local/lib/python3.11/site-packages/urllib3/response.py", line 758, in _update_chunk_length
    line = self._fp.fp.readline()
           ^^^^^^^^^^^^^^^^^^^^^^
  File "/usr/lib/python3.11/socket.py", line 706, in readinto
    return self._sock.recv_into(b)
           ^^^^^^^^^^^^^^^^^^^^^^^
  File "/usr/lib/python3.11/ssl.py", line 1307, in recv_into
    return self.read(nbytes, buffer)
           ^^^^^^^^^^^^^^^^^^^^^^^^^
  File "/usr/lib/python3.11/ssl.py", line 1163, in read
    return self._sslobj.read(len, buffer)
           ^^^^^^^^^^^^^^^^^^^^^^^^^^^^^^
  File "/home/felipe/.local/lib/python3.11/site-packages/airflow/utils/timeout.py", line 69, in handle_timeout
    raise AirflowTaskTimeout(self.error_message)
airflow.exceptions.AirflowTaskTimeout: DagBag import timeout for /home/felipe/airflow/dags/dag.py after 30.0s.
Please take a look at these docs to improve your DAG import time:
* https://airflow.apache.org/docs/apache-airflow/2.7.3/best-practices.html#top-level-python-code
* https://airflow.apache.org/docs/apache-airflow/2.7.3/best-practices.html#reducing-dag-complexity, PID: 11656

During handling of the above exception, another exception occurred:

Traceback (most recent call last):
  File "/home/felipe/.local/lib/python3.11/site-packages/airflow/models/dagbag.py", line 342, in parse
    loader.exec_module(new_module)
  File "<frozen importlib._bootstrap_external>", line 940, in exec_module
  File "<frozen importlib._bootstrap>", line 241, in _call_with_frames_removed
  File "/home/felipe/airflow/dags/dag.py", line 9, in <module>
    from cities.rio import rio
  File "/home/felipe/airflow/dags/cities/rio.py", line 35, in <module>
    rio()
  File "/home/felipe/airflow/dags/cities/rio.py", line 33, in rio
    raise ValueError('Erro em RJ!')
ValueError: Erro em RJ!
[2024-01-05T10:35:08.094-0300] {processor.py:841} WARNING - No viable dags retrieved from /home/felipe/airflow/dags/dag.py
[2024-01-05T10:35:08.135-0300] {processor.py:179} INFO - Processing /home/felipe/airflow/dags/dag.py took 30.102 seconds
[2024-01-05T10:35:55.668-0300] {processor.py:157} INFO - Started process (PID=11745) to work on /home/felipe/airflow/dags/dag.py
[2024-01-05T10:35:55.700-0300] {processor.py:829} INFO - Processing file /home/felipe/airflow/dags/dag.py for tasks to queue
[2024-01-05T10:35:55.700-0300] {logging_mixin.py:154} INFO - [2024-01-05T10:35:55.700-0300] {dagbag.py:536} INFO - Filling up the DagBag from /home/felipe/airflow/dags/dag.py
[2024-01-05T10:35:56.988-0300] {logging_mixin.py:154} INFO - SAVING FILE sp
[2024-01-05T10:36:25.702-0300] {logging_mixin.py:154} INFO - [2024-01-05T10:36:25.702-0300] {timeout.py:68} ERROR - Process timed out, PID: 11745
[2024-01-05T10:36:25.702-0300] {logging_mixin.py:154} INFO - distrito_federal - Error: DagBag import timeout for /home/felipe/airflow/dags/dag.py after 30.0s.
Please take a look at these docs to improve your DAG import time:
* https://airflow.apache.org/docs/apache-airflow/2.7.3/best-practices.html#top-level-python-code
* https://airflow.apache.org/docs/apache-airflow/2.7.3/best-practices.html#reducing-dag-complexity, PID: 11745
[2024-01-05T10:36:25.705-0300] {logging_mixin.py:154} INFO - [2024-01-05T10:36:25.702-0300] {dagbag.py:346} ERROR - Failed to import: /home/felipe/airflow/dags/dag.py
Traceback (most recent call last):
  File "/home/felipe/airflow/dags/cities/df.py", line 24, in df
    response = req()
               ^^^^^
  File "/home/felipe/airflow/dags/cities/df.py", line 6, in req
    response = requests.get(API_URL).json()
               ^^^^^^^^^^^^^^^^^^^^^
  File "/home/felipe/.local/lib/python3.11/site-packages/requests/api.py", line 73, in get
    return request("get", url, params=params, **kwargs)
           ^^^^^^^^^^^^^^^^^^^^^^^^^^^^^^^^^^^^^^^^^^^^
  File "/home/felipe/.local/lib/python3.11/site-packages/requests/api.py", line 59, in request
    return session.request(method=method, url=url, **kwargs)
           ^^^^^^^^^^^^^^^^^^^^^^^^^^^^^^^^^^^^^^^^^^^^^^^^^
  File "/home/felipe/.local/lib/python3.11/site-packages/requests/sessions.py", line 589, in request
    resp = self.send(prep, **send_kwargs)
           ^^^^^^^^^^^^^^^^^^^^^^^^^^^^^^
  File "/home/felipe/.local/lib/python3.11/site-packages/requests/sessions.py", line 703, in send
    r = adapter.send(request, **kwargs)
        ^^^^^^^^^^^^^^^^^^^^^^^^^^^^^^^
  File "/home/felipe/.local/lib/python3.11/site-packages/requests/adapters.py", line 486, in send
    resp = conn.urlopen(
           ^^^^^^^^^^^^^
  File "/home/felipe/.local/lib/python3.11/site-packages/urllib3/connectionpool.py", line 715, in urlopen
    httplib_response = self._make_request(
                       ^^^^^^^^^^^^^^^^^^^
  File "/home/felipe/.local/lib/python3.11/site-packages/urllib3/connectionpool.py", line 467, in _make_request
    six.raise_from(e, None)
  File "<string>", line 3, in raise_from
  File "/home/felipe/.local/lib/python3.11/site-packages/urllib3/connectionpool.py", line 462, in _make_request
    httplib_response = conn.getresponse()
                       ^^^^^^^^^^^^^^^^^^
  File "/usr/lib/python3.11/http/client.py", line 1378, in getresponse
    response.begin()
  File "/usr/lib/python3.11/http/client.py", line 318, in begin
    version, status, reason = self._read_status()
                              ^^^^^^^^^^^^^^^^^^^
  File "/usr/lib/python3.11/http/client.py", line 279, in _read_status
    line = str(self.fp.readline(_MAXLINE + 1), "iso-8859-1")
               ^^^^^^^^^^^^^^^^^^^^^^^^^^^^^^
  File "/usr/lib/python3.11/socket.py", line 706, in readinto
    return self._sock.recv_into(b)
           ^^^^^^^^^^^^^^^^^^^^^^^
  File "/usr/lib/python3.11/ssl.py", line 1307, in recv_into
    return self.read(nbytes, buffer)
           ^^^^^^^^^^^^^^^^^^^^^^^^^
  File "/usr/lib/python3.11/ssl.py", line 1163, in read
    return self._sslobj.read(len, buffer)
           ^^^^^^^^^^^^^^^^^^^^^^^^^^^^^^
  File "/home/felipe/.local/lib/python3.11/site-packages/airflow/utils/timeout.py", line 69, in handle_timeout
    raise AirflowTaskTimeout(self.error_message)
airflow.exceptions.AirflowTaskTimeout: DagBag import timeout for /home/felipe/airflow/dags/dag.py after 30.0s.
Please take a look at these docs to improve your DAG import time:
* https://airflow.apache.org/docs/apache-airflow/2.7.3/best-practices.html#top-level-python-code
* https://airflow.apache.org/docs/apache-airflow/2.7.3/best-practices.html#reducing-dag-complexity, PID: 11745

During handling of the above exception, another exception occurred:

Traceback (most recent call last):
  File "/home/felipe/.local/lib/python3.11/site-packages/airflow/models/dagbag.py", line 342, in parse
    loader.exec_module(new_module)
  File "<frozen importlib._bootstrap_external>", line 940, in exec_module
  File "<frozen importlib._bootstrap>", line 241, in _call_with_frames_removed
  File "/home/felipe/airflow/dags/dag.py", line 8, in <module>
    from cities.df import df
  File "/home/felipe/airflow/dags/cities/df.py", line 31, in <module>
    df()
  File "/home/felipe/airflow/dags/cities/df.py", line 29, in df
    raise ValueError('Erro em DF!')
ValueError: Erro em DF!
[2024-01-05T10:36:25.707-0300] {processor.py:841} WARNING - No viable dags retrieved from /home/felipe/airflow/dags/dag.py
[2024-01-05T10:36:25.749-0300] {processor.py:179} INFO - Processing /home/felipe/airflow/dags/dag.py took 30.083 seconds
[2024-01-05T10:37:13.019-0300] {processor.py:157} INFO - Started process (PID=11969) to work on /home/felipe/airflow/dags/dag.py
[2024-01-05T10:37:13.051-0300] {processor.py:829} INFO - Processing file /home/felipe/airflow/dags/dag.py for tasks to queue
[2024-01-05T10:37:13.052-0300] {logging_mixin.py:154} INFO - [2024-01-05T10:37:13.052-0300] {dagbag.py:536} INFO - Filling up the DagBag from /home/felipe/airflow/dags/dag.py
[2024-01-05T10:37:14.292-0300] {logging_mixin.py:154} INFO - SAVING FILE sp
[2024-01-05T10:37:18.722-0300] {logging_mixin.py:154} INFO - SAVING FILE df
[2024-01-05T10:37:55.719-0300] {processor.py:157} INFO - Started process (PID=12116) to work on /home/felipe/airflow/dags/dag.py
[2024-01-05T10:37:55.725-0300] {processor.py:829} INFO - Processing file /home/felipe/airflow/dags/dag.py for tasks to queue
[2024-01-05T10:37:55.726-0300] {logging_mixin.py:154} INFO - [2024-01-05T10:37:55.725-0300] {dagbag.py:536} INFO - Filling up the DagBag from /home/felipe/airflow/dags/dag.py
[2024-01-05T10:37:56.985-0300] {logging_mixin.py:154} INFO - SAVING FILE sp
[2024-01-05T10:38:00.190-0300] {logging_mixin.py:154} INFO - SAVING FILE df
[2024-01-05T10:38:25.727-0300] {logging_mixin.py:154} INFO - [2024-01-05T10:38:25.727-0300] {timeout.py:68} ERROR - Process timed out, PID: 12116
[2024-01-05T10:38:25.728-0300] {logging_mixin.py:154} INFO - rio - Error: DagBag import timeout for /home/felipe/airflow/dags/dag.py after 30.0s.
Please take a look at these docs to improve your DAG import time:
* https://airflow.apache.org/docs/apache-airflow/2.7.3/best-practices.html#top-level-python-code
* https://airflow.apache.org/docs/apache-airflow/2.7.3/best-practices.html#reducing-dag-complexity, PID: 12116
[2024-01-05T10:38:25.730-0300] {logging_mixin.py:154} INFO - [2024-01-05T10:38:25.728-0300] {dagbag.py:346} ERROR - Failed to import: /home/felipe/airflow/dags/dag.py
Traceback (most recent call last):
  File "/home/felipe/airflow/dags/cities/rio.py", line 28, in rio
    response = req()
               ^^^^^
  File "/home/felipe/airflow/dags/cities/rio.py", line 8, in req
    response = requests.get(API_URL).json()
               ^^^^^^^^^^^^^^^^^^^^^
  File "/home/felipe/.local/lib/python3.11/site-packages/requests/api.py", line 73, in get
    return request("get", url, params=params, **kwargs)
           ^^^^^^^^^^^^^^^^^^^^^^^^^^^^^^^^^^^^^^^^^^^^
  File "/home/felipe/.local/lib/python3.11/site-packages/requests/api.py", line 59, in request
    return session.request(method=method, url=url, **kwargs)
           ^^^^^^^^^^^^^^^^^^^^^^^^^^^^^^^^^^^^^^^^^^^^^^^^^
  File "/home/felipe/.local/lib/python3.11/site-packages/requests/sessions.py", line 589, in request
    resp = self.send(prep, **send_kwargs)
           ^^^^^^^^^^^^^^^^^^^^^^^^^^^^^^
  File "/home/felipe/.local/lib/python3.11/site-packages/requests/sessions.py", line 703, in send
    r = adapter.send(request, **kwargs)
        ^^^^^^^^^^^^^^^^^^^^^^^^^^^^^^^
  File "/home/felipe/.local/lib/python3.11/site-packages/requests/adapters.py", line 486, in send
    resp = conn.urlopen(
           ^^^^^^^^^^^^^
  File "/home/felipe/.local/lib/python3.11/site-packages/urllib3/connectionpool.py", line 715, in urlopen
    httplib_response = self._make_request(
                       ^^^^^^^^^^^^^^^^^^^
  File "/home/felipe/.local/lib/python3.11/site-packages/urllib3/connectionpool.py", line 467, in _make_request
    six.raise_from(e, None)
  File "<string>", line 3, in raise_from
  File "/home/felipe/.local/lib/python3.11/site-packages/urllib3/connectionpool.py", line 462, in _make_request
    httplib_response = conn.getresponse()
                       ^^^^^^^^^^^^^^^^^^
  File "/usr/lib/python3.11/http/client.py", line 1378, in getresponse
    response.begin()
  File "/usr/lib/python3.11/http/client.py", line 318, in begin
    version, status, reason = self._read_status()
                              ^^^^^^^^^^^^^^^^^^^
  File "/usr/lib/python3.11/http/client.py", line 279, in _read_status
    line = str(self.fp.readline(_MAXLINE + 1), "iso-8859-1")
               ^^^^^^^^^^^^^^^^^^^^^^^^^^^^^^
  File "/usr/lib/python3.11/socket.py", line 706, in readinto
    return self._sock.recv_into(b)
           ^^^^^^^^^^^^^^^^^^^^^^^
  File "/usr/lib/python3.11/ssl.py", line 1307, in recv_into
    return self.read(nbytes, buffer)
           ^^^^^^^^^^^^^^^^^^^^^^^^^
  File "/usr/lib/python3.11/ssl.py", line 1163, in read
    return self._sslobj.read(len, buffer)
           ^^^^^^^^^^^^^^^^^^^^^^^^^^^^^^
  File "/home/felipe/.local/lib/python3.11/site-packages/airflow/utils/timeout.py", line 69, in handle_timeout
    raise AirflowTaskTimeout(self.error_message)
airflow.exceptions.AirflowTaskTimeout: DagBag import timeout for /home/felipe/airflow/dags/dag.py after 30.0s.
Please take a look at these docs to improve your DAG import time:
* https://airflow.apache.org/docs/apache-airflow/2.7.3/best-practices.html#top-level-python-code
* https://airflow.apache.org/docs/apache-airflow/2.7.3/best-practices.html#reducing-dag-complexity, PID: 12116

During handling of the above exception, another exception occurred:

Traceback (most recent call last):
  File "/home/felipe/.local/lib/python3.11/site-packages/airflow/models/dagbag.py", line 342, in parse
    loader.exec_module(new_module)
  File "<frozen importlib._bootstrap_external>", line 940, in exec_module
  File "<frozen importlib._bootstrap>", line 241, in _call_with_frames_removed
  File "/home/felipe/airflow/dags/dag.py", line 9, in <module>
    from cities.rio import rio
  File "/home/felipe/airflow/dags/cities/rio.py", line 35, in <module>
    rio()
  File "/home/felipe/airflow/dags/cities/rio.py", line 33, in rio
    raise ValueError('Erro em RJ!')
ValueError: Erro em RJ!
[2024-01-05T10:38:25.732-0300] {processor.py:841} WARNING - No viable dags retrieved from /home/felipe/airflow/dags/dag.py
[2024-01-05T10:38:25.773-0300] {processor.py:179} INFO - Processing /home/felipe/airflow/dags/dag.py took 30.056 seconds
[2024-01-05T10:39:09.884-0300] {processor.py:157} INFO - Started process (PID=12293) to work on /home/felipe/airflow/dags/dag.py
[2024-01-05T10:39:09.884-0300] {processor.py:829} INFO - Processing file /home/felipe/airflow/dags/dag.py for tasks to queue
[2024-01-05T10:39:09.885-0300] {logging_mixin.py:154} INFO - [2024-01-05T10:39:09.884-0300] {dagbag.py:536} INFO - Filling up the DagBag from /home/felipe/airflow/dags/dag.py
[2024-01-05T10:39:11.094-0300] {logging_mixin.py:154} INFO - SAVING FILE sp
[2024-01-05T10:39:15.417-0300] {logging_mixin.py:154} INFO - SAVING FILE df
[2024-01-05T10:39:15.418-0300] {logging_mixin.py:154} INFO - [2024-01-05T10:39:15.417-0300] {dagbag.py:346} ERROR - Failed to import: /home/felipe/airflow/dags/dag.py
Traceback (most recent call last):
  File "/home/felipe/.local/lib/python3.11/site-packages/airflow/models/dagbag.py", line 342, in parse
    loader.exec_module(new_module)
  File "<frozen importlib._bootstrap_external>", line 940, in exec_module
  File "<frozen importlib._bootstrap>", line 241, in _call_with_frames_removed
  File "/home/felipe/airflow/dags/dag.py", line 9, in <module>
    from cities.rio import rio
ImportError: cannot import name 'rio' from 'cities.rio' (/home/felipe/airflow/dags/cities/rio.py)
[2024-01-05T10:39:15.418-0300] {processor.py:841} WARNING - No viable dags retrieved from /home/felipe/airflow/dags/dag.py
[2024-01-05T10:39:15.456-0300] {processor.py:179} INFO - Processing /home/felipe/airflow/dags/dag.py took 5.574 seconds
[2024-01-05T10:42:40.782-0300] {processor.py:157} INFO - Started process (PID=12505) to work on /home/felipe/airflow/dags/dag.py
[2024-01-05T10:42:40.783-0300] {processor.py:829} INFO - Processing file /home/felipe/airflow/dags/dag.py for tasks to queue
[2024-01-05T10:42:40.783-0300] {logging_mixin.py:154} INFO - [2024-01-05T10:42:40.783-0300] {dagbag.py:536} INFO - Filling up the DagBag from /home/felipe/airflow/dags/dag.py
[2024-01-05T10:42:42.013-0300] {logging_mixin.py:154} INFO - SAVING FILE sp
[2024-01-05T10:42:42.510-0300] {logging_mixin.py:154} INFO - SAVING FILE df
[2024-01-05T10:42:44.088-0300] {logging_mixin.py:154} INFO - SAVING FILE cwb
[2024-01-05T10:42:44.089-0300] {logging_mixin.py:154} INFO - [2024-01-05T10:42:44.089-0300] {dagbag.py:346} ERROR - Failed to import: /home/felipe/airflow/dags/dag.py
Traceback (most recent call last):
  File "/home/felipe/.local/lib/python3.11/site-packages/airflow/models/dagbag.py", line 342, in parse
    loader.exec_module(new_module)
  File "<frozen importlib._bootstrap_external>", line 940, in exec_module
  File "<frozen importlib._bootstrap>", line 241, in _call_with_frames_removed
  File "/home/felipe/airflow/dags/dag.py", line 46, in <module>
    sp_task >> rio_task >> curitiba_task >> df_task
               ^^^^^^^^
NameError: name 'rio_task' is not defined
[2024-01-05T10:42:44.090-0300] {processor.py:841} WARNING - No viable dags retrieved from /home/felipe/airflow/dags/dag.py
[2024-01-05T10:42:44.129-0300] {processor.py:179} INFO - Processing /home/felipe/airflow/dags/dag.py took 3.348 seconds
[2024-01-05T10:43:33.289-0300] {processor.py:157} INFO - Started process (PID=12617) to work on /home/felipe/airflow/dags/dag.py
[2024-01-05T10:43:33.290-0300] {processor.py:829} INFO - Processing file /home/felipe/airflow/dags/dag.py for tasks to queue
[2024-01-05T10:43:33.291-0300] {logging_mixin.py:154} INFO - [2024-01-05T10:43:33.290-0300] {dagbag.py:536} INFO - Filling up the DagBag from /home/felipe/airflow/dags/dag.py
[2024-01-05T10:43:34.525-0300] {logging_mixin.py:154} INFO - SAVING FILE sp
[2024-01-05T10:43:39.008-0300] {logging_mixin.py:154} INFO - SAVING FILE df
[2024-01-05T10:43:39.749-0300] {logging_mixin.py:154} INFO - SAVING FILE cwb
[2024-01-05T10:43:39.751-0300] {processor.py:839} INFO - DAG(s) dict_keys(['cities']) retrieved from /home/felipe/airflow/dags/dag.py
[2024-01-05T10:43:39.833-0300] {logging_mixin.py:154} INFO - [2024-01-05T10:43:39.832-0300] {manager.py:499} INFO - Created Permission View: %s
[2024-01-05T10:43:39.841-0300] {logging_mixin.py:154} INFO - [2024-01-05T10:43:39.841-0300] {manager.py:499} INFO - Created Permission View: %s
[2024-01-05T10:43:39.854-0300] {logging_mixin.py:154} INFO - [2024-01-05T10:43:39.854-0300] {manager.py:499} INFO - Created Permission View: %s
[2024-01-05T10:43:39.854-0300] {logging_mixin.py:154} INFO - [2024-01-05T10:43:39.854-0300] {dag.py:2941} INFO - Sync 1 DAGs
[2024-01-05T10:43:39.860-0300] {logging_mixin.py:154} INFO - [2024-01-05T10:43:39.860-0300] {dag.py:2963} INFO - Creating ORM DAG for cities
[2024-01-05T10:43:39.864-0300] {logging_mixin.py:154} INFO - [2024-01-05T10:43:39.864-0300] {dag.py:3722} INFO - Setting next_dagrun for cities to 2024-01-05T13:42:39.864504+00:00, run_after=2024-01-05T13:43:39.864504+00:00
[2024-01-05T10:43:39.875-0300] {processor.py:179} INFO - Processing /home/felipe/airflow/dags/dag.py took 6.588 seconds
[2024-01-05T10:44:26.732-0300] {processor.py:157} INFO - Started process (PID=12742) to work on /home/felipe/airflow/dags/dag.py
[2024-01-05T10:44:26.764-0300] {processor.py:829} INFO - Processing file /home/felipe/airflow/dags/dag.py for tasks to queue
[2024-01-05T10:44:26.765-0300] {logging_mixin.py:154} INFO - [2024-01-05T10:44:26.765-0300] {dagbag.py:536} INFO - Filling up the DagBag from /home/felipe/airflow/dags/dag.py
[2024-01-05T10:44:28.085-0300] {logging_mixin.py:154} INFO - SAVING FILE sp
[2024-01-05T10:44:32.416-0300] {logging_mixin.py:154} INFO - SAVING FILE df
[2024-01-05T10:44:33.265-0300] {logging_mixin.py:154} INFO - SAVING FILE cwb
[2024-01-05T10:44:33.267-0300] {processor.py:839} INFO - DAG(s) dict_keys(['cities']) retrieved from /home/felipe/airflow/dags/dag.py
[2024-01-05T10:44:33.273-0300] {logging_mixin.py:154} INFO - [2024-01-05T10:44:33.273-0300] {dag.py:2941} INFO - Sync 1 DAGs
[2024-01-05T10:44:33.284-0300] {logging_mixin.py:154} INFO - [2024-01-05T10:44:33.284-0300] {dag.py:3722} INFO - Setting next_dagrun for cities to 2024-01-05T13:43:33.284368+00:00, run_after=2024-01-05T13:44:33.284368+00:00
[2024-01-05T10:44:33.329-0300] {processor.py:179} INFO - Processing /home/felipe/airflow/dags/dag.py took 6.598 seconds
[2024-01-05T10:45:16.652-0300] {processor.py:157} INFO - Started process (PID=12843) to work on /home/felipe/airflow/dags/dag.py
[2024-01-05T10:45:16.653-0300] {processor.py:829} INFO - Processing file /home/felipe/airflow/dags/dag.py for tasks to queue
[2024-01-05T10:45:16.654-0300] {logging_mixin.py:154} INFO - [2024-01-05T10:45:16.653-0300] {dagbag.py:536} INFO - Filling up the DagBag from /home/felipe/airflow/dags/dag.py
[2024-01-05T10:45:17.884-0300] {logging_mixin.py:154} INFO - SAVING FILE sp
[2024-01-05T10:45:18.346-0300] {logging_mixin.py:154} INFO - SAVING FILE df
[2024-01-05T10:45:20.259-0300] {logging_mixin.py:154} INFO - SAVING FILE cwb
[2024-01-05T10:45:20.261-0300] {processor.py:839} INFO - DAG(s) dict_keys(['cities']) retrieved from /home/felipe/airflow/dags/dag.py
[2024-01-05T10:45:20.266-0300] {logging_mixin.py:154} INFO - [2024-01-05T10:45:20.265-0300] {dag.py:2941} INFO - Sync 1 DAGs
[2024-01-05T10:45:20.273-0300] {logging_mixin.py:154} INFO - [2024-01-05T10:45:20.273-0300] {dag.py:3722} INFO - Setting next_dagrun for cities to 2024-01-05T13:44:20.273229+00:00, run_after=2024-01-05T13:45:20.273229+00:00
[2024-01-05T10:45:20.325-0300] {processor.py:179} INFO - Processing /home/felipe/airflow/dags/dag.py took 3.675 seconds
[2024-01-05T10:46:01.483-0300] {processor.py:157} INFO - Started process (PID=12963) to work on /home/felipe/airflow/dags/dag.py
[2024-01-05T10:46:01.484-0300] {processor.py:829} INFO - Processing file /home/felipe/airflow/dags/dag.py for tasks to queue
[2024-01-05T10:46:01.484-0300] {logging_mixin.py:154} INFO - [2024-01-05T10:46:01.484-0300] {dagbag.py:536} INFO - Filling up the DagBag from /home/felipe/airflow/dags/dag.py
[2024-01-05T10:46:02.766-0300] {logging_mixin.py:154} INFO - SAVING FILE sp
[2024-01-05T10:46:03.196-0300] {logging_mixin.py:154} INFO - SAVING FILE df
[2024-01-05T10:46:03.961-0300] {logging_mixin.py:154} INFO - SAVING FILE cwb
[2024-01-05T10:46:03.963-0300] {processor.py:839} INFO - DAG(s) dict_keys(['cities']) retrieved from /home/felipe/airflow/dags/dag.py
[2024-01-05T10:46:03.970-0300] {logging_mixin.py:154} INFO - [2024-01-05T10:46:03.970-0300] {dag.py:2941} INFO - Sync 1 DAGs
[2024-01-05T10:46:03.981-0300] {logging_mixin.py:154} INFO - [2024-01-05T10:46:03.981-0300] {dag.py:3722} INFO - Setting next_dagrun for cities to 2024-01-05T13:45:03.981080+00:00, run_after=2024-01-05T13:46:03.981080+00:00
[2024-01-05T10:46:04.026-0300] {processor.py:179} INFO - Processing /home/felipe/airflow/dags/dag.py took 2.545 seconds
[2024-01-05T10:46:44.827-0300] {processor.py:157} INFO - Started process (PID=13055) to work on /home/felipe/airflow/dags/dag.py
[2024-01-05T10:46:44.859-0300] {processor.py:829} INFO - Processing file /home/felipe/airflow/dags/dag.py for tasks to queue
[2024-01-05T10:46:44.859-0300] {logging_mixin.py:154} INFO - [2024-01-05T10:46:44.859-0300] {dagbag.py:536} INFO - Filling up the DagBag from /home/felipe/airflow/dags/dag.py
[2024-01-05T10:46:46.078-0300] {logging_mixin.py:154} INFO - SAVING FILE sp
[2024-01-05T10:46:52.360-0300] {logging_mixin.py:154} INFO - SAVING FILE df
[2024-01-05T10:46:54.048-0300] {logging_mixin.py:154} INFO - SAVING FILE cwb
[2024-01-05T10:46:54.049-0300] {processor.py:839} INFO - DAG(s) dict_keys(['cities']) retrieved from /home/felipe/airflow/dags/dag.py
[2024-01-05T10:46:54.054-0300] {logging_mixin.py:154} INFO - [2024-01-05T10:46:54.054-0300] {dag.py:2941} INFO - Sync 1 DAGs
[2024-01-05T10:46:54.061-0300] {logging_mixin.py:154} INFO - [2024-01-05T10:46:54.061-0300] {dag.py:3722} INFO - Setting next_dagrun for cities to 2024-01-05T13:45:54.061768+00:00, run_after=2024-01-05T13:46:54.061768+00:00
[2024-01-05T10:46:54.102-0300] {processor.py:179} INFO - Processing /home/felipe/airflow/dags/dag.py took 9.278 seconds
[2024-01-05T10:51:28.694-0300] {processor.py:157} INFO - Started process (PID=13348) to work on /home/felipe/airflow/dags/dag.py
[2024-01-05T10:51:28.700-0300] {processor.py:829} INFO - Processing file /home/felipe/airflow/dags/dag.py for tasks to queue
[2024-01-05T10:51:28.700-0300] {logging_mixin.py:154} INFO - [2024-01-05T10:51:28.700-0300] {dagbag.py:536} INFO - Filling up the DagBag from /home/felipe/airflow/dags/dag.py
[2024-01-05T10:51:29.920-0300] {logging_mixin.py:154} INFO - SAVING FILE sp
[2024-01-05T10:51:33.785-0300] {logging_mixin.py:154} INFO - SAVING FILE df
[2024-01-05T10:51:35.398-0300] {logging_mixin.py:154} INFO - SAVING FILE cwb
[2024-01-05T10:51:35.403-0300] {processor.py:839} INFO - DAG(s) dict_keys(['cities']) retrieved from /home/felipe/airflow/dags/dag.py
[2024-01-05T10:51:35.407-0300] {logging_mixin.py:154} INFO - [2024-01-05T10:51:35.406-0300] {dag.py:2941} INFO - Sync 1 DAGs
[2024-01-05T10:51:35.421-0300] {logging_mixin.py:154} INFO - [2024-01-05T10:51:35.421-0300] {dag.py:3722} INFO - Setting next_dagrun for cities to 2024-01-05T13:50:35.421380+00:00, run_after=2024-01-05T13:51:35.421380+00:00
[2024-01-05T10:51:35.467-0300] {processor.py:179} INFO - Processing /home/felipe/airflow/dags/dag.py took 6.776 seconds
[2024-01-05T10:52:23.779-0300] {processor.py:157} INFO - Started process (PID=13525) to work on /home/felipe/airflow/dags/dag.py
[2024-01-05T10:52:23.811-0300] {processor.py:829} INFO - Processing file /home/felipe/airflow/dags/dag.py for tasks to queue
[2024-01-05T10:52:23.811-0300] {logging_mixin.py:154} INFO - [2024-01-05T10:52:23.811-0300] {dagbag.py:536} INFO - Filling up the DagBag from /home/felipe/airflow/dags/dag.py
[2024-01-05T10:52:25.057-0300] {logging_mixin.py:154} INFO - SAVING FILE sp
[2024-01-05T10:52:25.652-0300] {logging_mixin.py:154} INFO - SAVING FILE df
[2024-01-05T10:52:27.333-0300] {logging_mixin.py:154} INFO - SAVING FILE cwb
[2024-01-05T10:52:27.334-0300] {processor.py:839} INFO - DAG(s) dict_keys(['cities']) retrieved from /home/felipe/airflow/dags/dag.py
[2024-01-05T10:52:27.339-0300] {logging_mixin.py:154} INFO - [2024-01-05T10:52:27.339-0300] {dag.py:2941} INFO - Sync 1 DAGs
[2024-01-05T10:52:27.347-0300] {logging_mixin.py:154} INFO - [2024-01-05T10:52:27.347-0300] {dag.py:3722} INFO - Setting next_dagrun for cities to 2024-01-05T13:51:27.347478+00:00, run_after=2024-01-05T13:52:27.347478+00:00
[2024-01-05T10:52:27.390-0300] {processor.py:179} INFO - Processing /home/felipe/airflow/dags/dag.py took 3.613 seconds
[2024-01-05T10:53:04.678-0300] {processor.py:157} INFO - Started process (PID=13620) to work on /home/felipe/airflow/dags/dag.py
[2024-01-05T10:53:04.680-0300] {processor.py:829} INFO - Processing file /home/felipe/airflow/dags/dag.py for tasks to queue
[2024-01-05T10:53:04.680-0300] {logging_mixin.py:154} INFO - [2024-01-05T10:53:04.680-0300] {dagbag.py:536} INFO - Filling up the DagBag from /home/felipe/airflow/dags/dag.py
[2024-01-05T10:53:05.937-0300] {logging_mixin.py:154} INFO - SAVING FILE sp
[2024-01-05T10:53:06.426-0300] {logging_mixin.py:154} INFO - SAVING FILE df
[2024-01-05T10:53:08.069-0300] {logging_mixin.py:154} INFO - SAVING FILE cwb
[2024-01-05T10:53:08.071-0300] {processor.py:839} INFO - DAG(s) dict_keys(['cities']) retrieved from /home/felipe/airflow/dags/dag.py
[2024-01-05T10:53:08.077-0300] {logging_mixin.py:154} INFO - [2024-01-05T10:53:08.077-0300] {dag.py:2941} INFO - Sync 1 DAGs
[2024-01-05T10:53:08.088-0300] {logging_mixin.py:154} INFO - [2024-01-05T10:53:08.088-0300] {dag.py:3722} INFO - Setting next_dagrun for cities to 2024-01-05T13:52:08.088704+00:00, run_after=2024-01-05T13:53:08.088704+00:00
[2024-01-05T10:53:08.132-0300] {processor.py:179} INFO - Processing /home/felipe/airflow/dags/dag.py took 3.456 seconds
[2024-01-05T10:53:44.930-0300] {processor.py:157} INFO - Started process (PID=13754) to work on /home/felipe/airflow/dags/dag.py
[2024-01-05T10:53:44.931-0300] {processor.py:829} INFO - Processing file /home/felipe/airflow/dags/dag.py for tasks to queue
[2024-01-05T10:53:44.931-0300] {logging_mixin.py:154} INFO - [2024-01-05T10:53:44.931-0300] {dagbag.py:536} INFO - Filling up the DagBag from /home/felipe/airflow/dags/dag.py
[2024-01-05T10:53:46.141-0300] {logging_mixin.py:154} INFO - SAVING FILE sp
[2024-01-05T10:53:46.616-0300] {logging_mixin.py:154} INFO - SAVING FILE df
[2024-01-05T10:53:48.133-0300] {logging_mixin.py:154} INFO - SAVING FILE cwb
[2024-01-05T10:53:48.135-0300] {processor.py:839} INFO - DAG(s) dict_keys(['cities']) retrieved from /home/felipe/airflow/dags/dag.py
[2024-01-05T10:53:48.142-0300] {logging_mixin.py:154} INFO - [2024-01-05T10:53:48.142-0300] {dag.py:2941} INFO - Sync 1 DAGs
[2024-01-05T10:53:48.156-0300] {logging_mixin.py:154} INFO - [2024-01-05T10:53:48.156-0300] {dag.py:3722} INFO - Setting next_dagrun for cities to 2024-01-05T13:52:48.156237+00:00, run_after=2024-01-05T13:53:48.156237+00:00
[2024-01-05T10:53:48.199-0300] {processor.py:179} INFO - Processing /home/felipe/airflow/dags/dag.py took 3.271 seconds
[2024-01-05T10:54:27.227-0300] {processor.py:157} INFO - Started process (PID=13839) to work on /home/felipe/airflow/dags/dag.py
[2024-01-05T10:54:27.227-0300] {processor.py:829} INFO - Processing file /home/felipe/airflow/dags/dag.py for tasks to queue
[2024-01-05T10:54:27.228-0300] {logging_mixin.py:154} INFO - [2024-01-05T10:54:27.228-0300] {dagbag.py:536} INFO - Filling up the DagBag from /home/felipe/airflow/dags/dag.py
[2024-01-05T10:54:28.512-0300] {logging_mixin.py:154} INFO - SAVING FILE sp
[2024-01-05T10:54:28.976-0300] {logging_mixin.py:154} INFO - SAVING FILE df
[2024-01-05T10:54:30.525-0300] {logging_mixin.py:154} INFO - SAVING FILE cwb
[2024-01-05T10:54:30.527-0300] {processor.py:839} INFO - DAG(s) dict_keys(['cities']) retrieved from /home/felipe/airflow/dags/dag.py
[2024-01-05T10:54:30.536-0300] {logging_mixin.py:154} INFO - [2024-01-05T10:54:30.536-0300] {dag.py:2941} INFO - Sync 1 DAGs
[2024-01-05T10:54:30.551-0300] {logging_mixin.py:154} INFO - [2024-01-05T10:54:30.550-0300] {dag.py:3722} INFO - Setting next_dagrun for cities to 2024-01-05T13:53:30.550834+00:00, run_after=2024-01-05T13:54:30.550834+00:00
[2024-01-05T10:54:30.596-0300] {processor.py:179} INFO - Processing /home/felipe/airflow/dags/dag.py took 3.371 seconds
[2024-01-05T10:55:11.559-0300] {processor.py:157} INFO - Started process (PID=13916) to work on /home/felipe/airflow/dags/dag.py
[2024-01-05T10:55:11.591-0300] {processor.py:829} INFO - Processing file /home/felipe/airflow/dags/dag.py for tasks to queue
[2024-01-05T10:55:11.592-0300] {logging_mixin.py:154} INFO - [2024-01-05T10:55:11.591-0300] {dagbag.py:536} INFO - Filling up the DagBag from /home/felipe/airflow/dags/dag.py
[2024-01-05T10:55:12.136-0300] {logging_mixin.py:154} INFO - sao_paulo - Error: 'NoneType' object is not subscriptable
[2024-01-05T10:55:12.137-0300] {logging_mixin.py:154} INFO - [2024-01-05T10:55:12.136-0300] {dagbag.py:346} ERROR - Failed to import: /home/felipe/airflow/dags/dag.py
Traceback (most recent call last):
  File "/home/felipe/airflow/dags/cities/sao_paulo.py", line 37, in sao_paulo
    processed_response = process_response(response)
                         ^^^^^^^^^^^^^^^^^^^^^^^^^^
  File "/home/felipe/airflow/dags/cities/sao_paulo.py", line 21, in process_response
    for linha in response['l']:
                 ~~~~~~~~^^^^^
TypeError: 'NoneType' object is not subscriptable

During handling of the above exception, another exception occurred:

Traceback (most recent call last):
  File "/home/felipe/.local/lib/python3.11/site-packages/airflow/models/dagbag.py", line 342, in parse
    loader.exec_module(new_module)
  File "<frozen importlib._bootstrap_external>", line 940, in exec_module
  File "<frozen importlib._bootstrap>", line 241, in _call_with_frames_removed
  File "/home/felipe/airflow/dags/dag.py", line 7, in <module>
    from cities.sao_paulo import sao_paulo
  File "/home/felipe/airflow/dags/cities/sao_paulo.py", line 43, in <module>
    sao_paulo()
  File "/home/felipe/airflow/dags/cities/sao_paulo.py", line 41, in sao_paulo
    raise ValueError('Erro em Sao Paulo!')
ValueError: Erro em Sao Paulo!
[2024-01-05T10:55:12.138-0300] {processor.py:841} WARNING - No viable dags retrieved from /home/felipe/airflow/dags/dag.py
[2024-01-05T10:55:12.184-0300] {processor.py:179} INFO - Processing /home/felipe/airflow/dags/dag.py took 0.627 seconds
[2024-01-05T10:55:48.599-0300] {processor.py:157} INFO - Started process (PID=13990) to work on /home/felipe/airflow/dags/dag.py
[2024-01-05T10:55:48.604-0300] {processor.py:829} INFO - Processing file /home/felipe/airflow/dags/dag.py for tasks to queue
[2024-01-05T10:55:48.605-0300] {logging_mixin.py:154} INFO - [2024-01-05T10:55:48.604-0300] {dagbag.py:536} INFO - Filling up the DagBag from /home/felipe/airflow/dags/dag.py
[2024-01-05T10:55:49.783-0300] {logging_mixin.py:154} INFO - SAVING FILE sp
[2024-01-05T10:55:50.242-0300] {logging_mixin.py:154} INFO - SAVING FILE df
[2024-01-05T10:55:50.991-0300] {logging_mixin.py:154} INFO - SAVING FILE cwb
[2024-01-05T10:55:50.993-0300] {processor.py:839} INFO - DAG(s) dict_keys(['cities']) retrieved from /home/felipe/airflow/dags/dag.py
[2024-01-05T10:55:51.000-0300] {logging_mixin.py:154} INFO - [2024-01-05T10:55:51.000-0300] {dag.py:2941} INFO - Sync 1 DAGs
[2024-01-05T10:55:51.011-0300] {logging_mixin.py:154} INFO - [2024-01-05T10:55:51.011-0300] {dag.py:3722} INFO - Setting next_dagrun for cities to 2024-01-05T13:54:51.011268+00:00, run_after=2024-01-05T13:55:51.011268+00:00
[2024-01-05T10:55:51.068-0300] {processor.py:179} INFO - Processing /home/felipe/airflow/dags/dag.py took 2.470 seconds
[2024-01-05T10:56:28.704-0300] {processor.py:157} INFO - Started process (PID=14065) to work on /home/felipe/airflow/dags/dag.py
[2024-01-05T10:56:28.736-0300] {processor.py:829} INFO - Processing file /home/felipe/airflow/dags/dag.py for tasks to queue
[2024-01-05T10:56:28.736-0300] {logging_mixin.py:154} INFO - [2024-01-05T10:56:28.736-0300] {dagbag.py:536} INFO - Filling up the DagBag from /home/felipe/airflow/dags/dag.py
[2024-01-05T10:56:30.002-0300] {logging_mixin.py:154} INFO - SAVING FILE sp
[2024-01-05T10:56:31.846-0300] {logging_mixin.py:154} INFO - SAVING FILE df
[2024-01-05T10:56:33.391-0300] {logging_mixin.py:154} INFO - SAVING FILE cwb
[2024-01-05T10:56:33.393-0300] {processor.py:839} INFO - DAG(s) dict_keys(['cities']) retrieved from /home/felipe/airflow/dags/dag.py
[2024-01-05T10:56:33.400-0300] {logging_mixin.py:154} INFO - [2024-01-05T10:56:33.400-0300] {dag.py:2941} INFO - Sync 1 DAGs
[2024-01-05T10:56:33.412-0300] {logging_mixin.py:154} INFO - [2024-01-05T10:56:33.412-0300] {dag.py:3722} INFO - Setting next_dagrun for cities to 2024-01-05T13:55:33.412134+00:00, run_after=2024-01-05T13:56:33.412134+00:00
[2024-01-05T10:56:33.455-0300] {processor.py:179} INFO - Processing /home/felipe/airflow/dags/dag.py took 4.753 seconds
[2024-01-05T10:57:10.513-0300] {processor.py:157} INFO - Started process (PID=14155) to work on /home/felipe/airflow/dags/dag.py
[2024-01-05T10:57:10.546-0300] {processor.py:829} INFO - Processing file /home/felipe/airflow/dags/dag.py for tasks to queue
[2024-01-05T10:57:10.546-0300] {logging_mixin.py:154} INFO - [2024-01-05T10:57:10.546-0300] {dagbag.py:536} INFO - Filling up the DagBag from /home/felipe/airflow/dags/dag.py
[2024-01-05T10:57:11.787-0300] {logging_mixin.py:154} INFO - SAVING FILE sp
[2024-01-05T10:57:13.308-0300] {logging_mixin.py:154} INFO - SAVING FILE df
[2024-01-05T10:57:14.889-0300] {logging_mixin.py:154} INFO - SAVING FILE cwb
[2024-01-05T10:57:14.890-0300] {processor.py:839} INFO - DAG(s) dict_keys(['cities']) retrieved from /home/felipe/airflow/dags/dag.py
[2024-01-05T10:57:14.895-0300] {logging_mixin.py:154} INFO - [2024-01-05T10:57:14.895-0300] {dag.py:2941} INFO - Sync 1 DAGs
[2024-01-05T10:57:14.903-0300] {logging_mixin.py:154} INFO - [2024-01-05T10:57:14.903-0300] {dag.py:3722} INFO - Setting next_dagrun for cities to 2024-01-05T13:56:14.903414+00:00, run_after=2024-01-05T13:57:14.903414+00:00
[2024-01-05T10:57:14.944-0300] {processor.py:179} INFO - Processing /home/felipe/airflow/dags/dag.py took 4.433 seconds
[2024-01-05T10:57:49.147-0300] {processor.py:157} INFO - Started process (PID=14234) to work on /home/felipe/airflow/dags/dag.py
[2024-01-05T10:57:49.179-0300] {processor.py:829} INFO - Processing file /home/felipe/airflow/dags/dag.py for tasks to queue
[2024-01-05T10:57:49.180-0300] {logging_mixin.py:154} INFO - [2024-01-05T10:57:49.180-0300] {dagbag.py:536} INFO - Filling up the DagBag from /home/felipe/airflow/dags/dag.py
[2024-01-05T10:57:50.309-0300] {logging_mixin.py:154} INFO - SAVING FILE sp
[2024-01-05T10:57:54.357-0300] {logging_mixin.py:154} INFO - SAVING FILE df
[2024-01-05T10:57:55.886-0300] {logging_mixin.py:154} INFO - SAVING FILE cwb
[2024-01-05T10:57:55.888-0300] {processor.py:839} INFO - DAG(s) dict_keys(['cities']) retrieved from /home/felipe/airflow/dags/dag.py
[2024-01-05T10:57:55.893-0300] {logging_mixin.py:154} INFO - [2024-01-05T10:57:55.893-0300] {dag.py:2941} INFO - Sync 1 DAGs
[2024-01-05T10:57:55.900-0300] {logging_mixin.py:154} INFO - [2024-01-05T10:57:55.900-0300] {dag.py:3722} INFO - Setting next_dagrun for cities to 2024-01-05T13:56:55.900666+00:00, run_after=2024-01-05T13:57:55.900666+00:00
[2024-01-05T10:57:55.941-0300] {processor.py:179} INFO - Processing /home/felipe/airflow/dags/dag.py took 6.795 seconds
[2024-01-05T10:58:33.786-0300] {processor.py:157} INFO - Started process (PID=14315) to work on /home/felipe/airflow/dags/dag.py
[2024-01-05T10:58:33.819-0300] {processor.py:829} INFO - Processing file /home/felipe/airflow/dags/dag.py for tasks to queue
[2024-01-05T10:58:33.819-0300] {logging_mixin.py:154} INFO - [2024-01-05T10:58:33.819-0300] {dagbag.py:536} INFO - Filling up the DagBag from /home/felipe/airflow/dags/dag.py
[2024-01-05T10:58:35.067-0300] {logging_mixin.py:154} INFO - SAVING FILE sp
[2024-01-05T10:58:35.513-0300] {logging_mixin.py:154} INFO - SAVING FILE df
[2024-01-05T10:58:37.413-0300] {logging_mixin.py:154} INFO - SAVING FILE cwb
[2024-01-05T10:58:37.416-0300] {processor.py:839} INFO - DAG(s) dict_keys(['cities']) retrieved from /home/felipe/airflow/dags/dag.py
[2024-01-05T10:58:37.425-0300] {logging_mixin.py:154} INFO - [2024-01-05T10:58:37.424-0300] {dag.py:2941} INFO - Sync 1 DAGs
[2024-01-05T10:58:37.439-0300] {logging_mixin.py:154} INFO - [2024-01-05T10:58:37.439-0300] {dag.py:3722} INFO - Setting next_dagrun for cities to 2024-01-05T13:57:37.439192+00:00, run_after=2024-01-05T13:58:37.439192+00:00
[2024-01-05T10:58:37.484-0300] {processor.py:179} INFO - Processing /home/felipe/airflow/dags/dag.py took 3.699 seconds
[2024-01-05T10:59:13.751-0300] {processor.py:157} INFO - Started process (PID=14388) to work on /home/felipe/airflow/dags/dag.py
[2024-01-05T10:59:13.783-0300] {processor.py:829} INFO - Processing file /home/felipe/airflow/dags/dag.py for tasks to queue
[2024-01-05T10:59:13.784-0300] {logging_mixin.py:154} INFO - [2024-01-05T10:59:13.784-0300] {dagbag.py:536} INFO - Filling up the DagBag from /home/felipe/airflow/dags/dag.py
[2024-01-05T10:59:15.047-0300] {logging_mixin.py:154} INFO - SAVING FILE sp
[2024-01-05T10:59:15.591-0300] {logging_mixin.py:154} INFO - SAVING FILE df
[2024-01-05T10:59:16.305-0300] {logging_mixin.py:154} INFO - SAVING FILE cwb
[2024-01-05T10:59:16.307-0300] {processor.py:839} INFO - DAG(s) dict_keys(['cities']) retrieved from /home/felipe/airflow/dags/dag.py
[2024-01-05T10:59:16.312-0300] {logging_mixin.py:154} INFO - [2024-01-05T10:59:16.312-0300] {dag.py:2941} INFO - Sync 1 DAGs
[2024-01-05T10:59:16.319-0300] {logging_mixin.py:154} INFO - [2024-01-05T10:59:16.319-0300] {dag.py:3722} INFO - Setting next_dagrun for cities to 2024-01-05T13:58:16.319470+00:00, run_after=2024-01-05T13:59:16.319470+00:00
[2024-01-05T10:59:16.327-0300] {processor.py:179} INFO - Processing /home/felipe/airflow/dags/dag.py took 2.578 seconds
[2024-01-05T10:59:55.551-0300] {processor.py:157} INFO - Started process (PID=14463) to work on /home/felipe/airflow/dags/dag.py
[2024-01-05T10:59:55.583-0300] {processor.py:829} INFO - Processing file /home/felipe/airflow/dags/dag.py for tasks to queue
[2024-01-05T10:59:55.583-0300] {logging_mixin.py:154} INFO - [2024-01-05T10:59:55.583-0300] {dagbag.py:536} INFO - Filling up the DagBag from /home/felipe/airflow/dags/dag.py
[2024-01-05T10:59:56.898-0300] {logging_mixin.py:154} INFO - SAVING FILE sp
[2024-01-05T10:59:57.727-0300] {logging_mixin.py:154} INFO - SAVING FILE df
[2024-01-05T10:59:58.459-0300] {logging_mixin.py:154} INFO - SAVING FILE cwb
[2024-01-05T10:59:58.461-0300] {processor.py:839} INFO - DAG(s) dict_keys(['cities']) retrieved from /home/felipe/airflow/dags/dag.py
[2024-01-05T10:59:58.468-0300] {logging_mixin.py:154} INFO - [2024-01-05T10:59:58.468-0300] {dag.py:2941} INFO - Sync 1 DAGs
[2024-01-05T10:59:58.480-0300] {logging_mixin.py:154} INFO - [2024-01-05T10:59:58.480-0300] {dag.py:3722} INFO - Setting next_dagrun for cities to 2024-01-05T13:58:58.480414+00:00, run_after=2024-01-05T13:59:58.480414+00:00
[2024-01-05T10:59:58.525-0300] {processor.py:179} INFO - Processing /home/felipe/airflow/dags/dag.py took 2.976 seconds
[2024-01-05T11:00:38.812-0300] {processor.py:157} INFO - Started process (PID=14548) to work on /home/felipe/airflow/dags/dag.py
[2024-01-05T11:00:38.844-0300] {processor.py:829} INFO - Processing file /home/felipe/airflow/dags/dag.py for tasks to queue
[2024-01-05T11:00:38.845-0300] {logging_mixin.py:154} INFO - [2024-01-05T11:00:38.845-0300] {dagbag.py:536} INFO - Filling up the DagBag from /home/felipe/airflow/dags/dag.py
[2024-01-05T11:00:40.057-0300] {logging_mixin.py:154} INFO - SAVING FILE sp
[2024-01-05T11:00:41.081-0300] {logging_mixin.py:154} INFO - SAVING FILE df
[2024-01-05T11:00:42.863-0300] {logging_mixin.py:154} INFO - SAVING FILE cwb
[2024-01-05T11:00:42.864-0300] {processor.py:839} INFO - DAG(s) dict_keys(['cities']) retrieved from /home/felipe/airflow/dags/dag.py
[2024-01-05T11:00:42.871-0300] {logging_mixin.py:154} INFO - [2024-01-05T11:00:42.871-0300] {dag.py:2941} INFO - Sync 1 DAGs
[2024-01-05T11:00:42.882-0300] {logging_mixin.py:154} INFO - [2024-01-05T11:00:42.882-0300] {dag.py:3722} INFO - Setting next_dagrun for cities to 2024-01-05T13:59:42.882513+00:00, run_after=2024-01-05T14:00:42.882513+00:00
[2024-01-05T11:00:42.925-0300] {processor.py:179} INFO - Processing /home/felipe/airflow/dags/dag.py took 4.115 seconds
[2024-01-05T11:01:22.369-0300] {processor.py:157} INFO - Started process (PID=14624) to work on /home/felipe/airflow/dags/dag.py
[2024-01-05T11:01:22.370-0300] {processor.py:829} INFO - Processing file /home/felipe/airflow/dags/dag.py for tasks to queue
[2024-01-05T11:01:22.370-0300] {logging_mixin.py:154} INFO - [2024-01-05T11:01:22.370-0300] {dagbag.py:536} INFO - Filling up the DagBag from /home/felipe/airflow/dags/dag.py
[2024-01-05T11:01:23.575-0300] {logging_mixin.py:154} INFO - SAVING FILE sp
[2024-01-05T11:01:24.397-0300] {logging_mixin.py:154} INFO - SAVING FILE df
[2024-01-05T11:01:25.153-0300] {logging_mixin.py:154} INFO - SAVING FILE cwb
[2024-01-05T11:01:25.155-0300] {processor.py:839} INFO - DAG(s) dict_keys(['cities']) retrieved from /home/felipe/airflow/dags/dag.py
[2024-01-05T11:01:25.164-0300] {logging_mixin.py:154} INFO - [2024-01-05T11:01:25.164-0300] {dag.py:2941} INFO - Sync 1 DAGs
[2024-01-05T11:01:25.178-0300] {logging_mixin.py:154} INFO - [2024-01-05T11:01:25.178-0300] {dag.py:3722} INFO - Setting next_dagrun for cities to 2024-01-05T14:00:25.178604+00:00, run_after=2024-01-05T14:01:25.178604+00:00
[2024-01-05T11:01:25.223-0300] {processor.py:179} INFO - Processing /home/felipe/airflow/dags/dag.py took 2.856 seconds
[2024-01-05T11:02:00.601-0300] {processor.py:157} INFO - Started process (PID=14696) to work on /home/felipe/airflow/dags/dag.py
[2024-01-05T11:02:00.633-0300] {processor.py:829} INFO - Processing file /home/felipe/airflow/dags/dag.py for tasks to queue
[2024-01-05T11:02:00.634-0300] {logging_mixin.py:154} INFO - [2024-01-05T11:02:00.633-0300] {dagbag.py:536} INFO - Filling up the DagBag from /home/felipe/airflow/dags/dag.py
[2024-01-05T11:02:01.823-0300] {logging_mixin.py:154} INFO - SAVING FILE sp
[2024-01-05T11:02:07.531-0300] {logging_mixin.py:154} INFO - SAVING FILE df
[2024-01-05T11:02:09.217-0300] {logging_mixin.py:154} INFO - SAVING FILE cwb
[2024-01-05T11:02:09.218-0300] {processor.py:839} INFO - DAG(s) dict_keys(['cities']) retrieved from /home/felipe/airflow/dags/dag.py
[2024-01-05T11:02:09.223-0300] {logging_mixin.py:154} INFO - [2024-01-05T11:02:09.223-0300] {dag.py:2941} INFO - Sync 1 DAGs
[2024-01-05T11:02:09.231-0300] {logging_mixin.py:154} INFO - [2024-01-05T11:02:09.231-0300] {dag.py:3722} INFO - Setting next_dagrun for cities to 2024-01-05T14:01:09.230918+00:00, run_after=2024-01-05T14:02:09.230918+00:00
[2024-01-05T11:02:09.270-0300] {processor.py:179} INFO - Processing /home/felipe/airflow/dags/dag.py took 8.672 seconds
[2024-01-05T11:02:52.550-0300] {processor.py:157} INFO - Started process (PID=14776) to work on /home/felipe/airflow/dags/dag.py
[2024-01-05T11:02:52.582-0300] {processor.py:829} INFO - Processing file /home/felipe/airflow/dags/dag.py for tasks to queue
[2024-01-05T11:02:52.583-0300] {logging_mixin.py:154} INFO - [2024-01-05T11:02:52.583-0300] {dagbag.py:536} INFO - Filling up the DagBag from /home/felipe/airflow/dags/dag.py
[2024-01-05T11:02:53.782-0300] {logging_mixin.py:154} INFO - SAVING FILE sp
[2024-01-05T11:02:57.608-0300] {logging_mixin.py:154} INFO - SAVING FILE df
[2024-01-05T11:02:59.336-0300] {logging_mixin.py:154} INFO - SAVING FILE cwb
[2024-01-05T11:02:59.338-0300] {processor.py:839} INFO - DAG(s) dict_keys(['cities']) retrieved from /home/felipe/airflow/dags/dag.py
[2024-01-05T11:02:59.345-0300] {logging_mixin.py:154} INFO - [2024-01-05T11:02:59.345-0300] {dag.py:2941} INFO - Sync 1 DAGs
[2024-01-05T11:02:59.356-0300] {logging_mixin.py:154} INFO - [2024-01-05T11:02:59.356-0300] {dag.py:3722} INFO - Setting next_dagrun for cities to 2024-01-05T14:01:59.356156+00:00, run_after=2024-01-05T14:02:59.356156+00:00
[2024-01-05T11:02:59.399-0300] {processor.py:179} INFO - Processing /home/felipe/airflow/dags/dag.py took 6.851 seconds
[2024-01-05T11:03:40.351-0300] {processor.py:157} INFO - Started process (PID=14860) to work on /home/felipe/airflow/dags/dag.py
[2024-01-05T11:03:40.383-0300] {processor.py:829} INFO - Processing file /home/felipe/airflow/dags/dag.py for tasks to queue
[2024-01-05T11:03:40.384-0300] {logging_mixin.py:154} INFO - [2024-01-05T11:03:40.384-0300] {dagbag.py:536} INFO - Filling up the DagBag from /home/felipe/airflow/dags/dag.py
[2024-01-05T11:03:41.618-0300] {logging_mixin.py:154} INFO - SAVING FILE sp
[2024-01-05T11:03:42.065-0300] {logging_mixin.py:154} INFO - SAVING FILE df
[2024-01-05T11:03:42.819-0300] {logging_mixin.py:154} INFO - SAVING FILE cwb
[2024-01-05T11:03:42.821-0300] {processor.py:839} INFO - DAG(s) dict_keys(['cities']) retrieved from /home/felipe/airflow/dags/dag.py
[2024-01-05T11:03:42.826-0300] {logging_mixin.py:154} INFO - [2024-01-05T11:03:42.826-0300] {dag.py:2941} INFO - Sync 1 DAGs
[2024-01-05T11:03:42.834-0300] {logging_mixin.py:154} INFO - [2024-01-05T11:03:42.834-0300] {dag.py:3722} INFO - Setting next_dagrun for cities to 2024-01-05T14:02:42.833910+00:00, run_after=2024-01-05T14:03:42.833910+00:00
[2024-01-05T11:03:42.874-0300] {processor.py:179} INFO - Processing /home/felipe/airflow/dags/dag.py took 2.524 seconds
[2024-01-05T11:04:23.279-0300] {processor.py:157} INFO - Started process (PID=14935) to work on /home/felipe/airflow/dags/dag.py
[2024-01-05T11:04:23.311-0300] {processor.py:829} INFO - Processing file /home/felipe/airflow/dags/dag.py for tasks to queue
[2024-01-05T11:04:23.312-0300] {logging_mixin.py:154} INFO - [2024-01-05T11:04:23.312-0300] {dagbag.py:536} INFO - Filling up the DagBag from /home/felipe/airflow/dags/dag.py
[2024-01-05T11:04:24.514-0300] {logging_mixin.py:154} INFO - SAVING FILE sp
[2024-01-05T11:04:24.952-0300] {logging_mixin.py:154} INFO - SAVING FILE df
[2024-01-05T11:04:26.694-0300] {logging_mixin.py:154} INFO - SAVING FILE cwb
[2024-01-05T11:04:26.696-0300] {processor.py:839} INFO - DAG(s) dict_keys(['cities']) retrieved from /home/felipe/airflow/dags/dag.py
[2024-01-05T11:04:26.705-0300] {logging_mixin.py:154} INFO - [2024-01-05T11:04:26.705-0300] {dag.py:2941} INFO - Sync 1 DAGs
[2024-01-05T11:04:26.719-0300] {logging_mixin.py:154} INFO - [2024-01-05T11:04:26.719-0300] {dag.py:3722} INFO - Setting next_dagrun for cities to 2024-01-05T14:03:26.719545+00:00, run_after=2024-01-05T14:04:26.719545+00:00
[2024-01-05T11:04:26.764-0300] {processor.py:179} INFO - Processing /home/felipe/airflow/dags/dag.py took 3.487 seconds
[2024-01-05T11:05:07.809-0300] {processor.py:157} INFO - Started process (PID=15033) to work on /home/felipe/airflow/dags/dag.py
[2024-01-05T11:05:07.841-0300] {processor.py:829} INFO - Processing file /home/felipe/airflow/dags/dag.py for tasks to queue
[2024-01-05T11:05:07.842-0300] {logging_mixin.py:154} INFO - [2024-01-05T11:05:07.842-0300] {dagbag.py:536} INFO - Filling up the DagBag from /home/felipe/airflow/dags/dag.py
[2024-01-05T11:05:09.090-0300] {logging_mixin.py:154} INFO - SAVING FILE sp
[2024-01-05T11:05:14.427-0300] {logging_mixin.py:154} INFO - SAVING FILE df
[2024-01-05T11:05:16.143-0300] {logging_mixin.py:154} INFO - SAVING FILE cwb
[2024-01-05T11:05:16.144-0300] {processor.py:839} INFO - DAG(s) dict_keys(['cities']) retrieved from /home/felipe/airflow/dags/dag.py
[2024-01-05T11:05:16.151-0300] {logging_mixin.py:154} INFO - [2024-01-05T11:05:16.151-0300] {dag.py:2941} INFO - Sync 1 DAGs
[2024-01-05T11:05:16.162-0300] {logging_mixin.py:154} INFO - [2024-01-05T11:05:16.162-0300] {dag.py:3722} INFO - Setting next_dagrun for cities to 2024-01-05T14:04:16.162612+00:00, run_after=2024-01-05T14:05:16.162612+00:00
[2024-01-05T11:05:16.174-0300] {processor.py:179} INFO - Processing /home/felipe/airflow/dags/dag.py took 8.367 seconds
[2024-01-05T11:05:57.113-0300] {processor.py:157} INFO - Started process (PID=15123) to work on /home/felipe/airflow/dags/dag.py
[2024-01-05T11:05:57.145-0300] {processor.py:829} INFO - Processing file /home/felipe/airflow/dags/dag.py for tasks to queue
[2024-01-05T11:05:57.146-0300] {logging_mixin.py:154} INFO - [2024-01-05T11:05:57.146-0300] {dagbag.py:536} INFO - Filling up the DagBag from /home/felipe/airflow/dags/dag.py
[2024-01-05T11:05:58.354-0300] {logging_mixin.py:154} INFO - SAVING FILE sp
[2024-01-05T11:05:58.797-0300] {logging_mixin.py:154} INFO - SAVING FILE df
[2024-01-05T11:06:01.071-0300] {logging_mixin.py:154} INFO - SAVING FILE cwb
[2024-01-05T11:06:01.073-0300] {processor.py:839} INFO - DAG(s) dict_keys(['cities']) retrieved from /home/felipe/airflow/dags/dag.py
[2024-01-05T11:06:01.082-0300] {logging_mixin.py:154} INFO - [2024-01-05T11:06:01.081-0300] {dag.py:2941} INFO - Sync 1 DAGs
[2024-01-05T11:06:01.096-0300] {logging_mixin.py:154} INFO - [2024-01-05T11:06:01.096-0300] {dag.py:3722} INFO - Setting next_dagrun for cities to 2024-01-05T14:05:01.096454+00:00, run_after=2024-01-05T14:06:01.096454+00:00
[2024-01-05T11:06:01.133-0300] {processor.py:179} INFO - Processing /home/felipe/airflow/dags/dag.py took 4.021 seconds
[2024-01-05T11:06:40.746-0300] {processor.py:157} INFO - Started process (PID=15199) to work on /home/felipe/airflow/dags/dag.py
[2024-01-05T11:06:40.778-0300] {processor.py:829} INFO - Processing file /home/felipe/airflow/dags/dag.py for tasks to queue
[2024-01-05T11:06:40.779-0300] {logging_mixin.py:154} INFO - [2024-01-05T11:06:40.779-0300] {dagbag.py:536} INFO - Filling up the DagBag from /home/felipe/airflow/dags/dag.py
[2024-01-05T11:06:42.003-0300] {logging_mixin.py:154} INFO - SAVING FILE sp
[2024-01-05T11:06:42.459-0300] {logging_mixin.py:154} INFO - SAVING FILE df
[2024-01-05T11:06:45.183-0300] {logging_mixin.py:154} INFO - SAVING FILE cwb
[2024-01-05T11:06:45.185-0300] {processor.py:839} INFO - DAG(s) dict_keys(['cities']) retrieved from /home/felipe/airflow/dags/dag.py
[2024-01-05T11:06:45.194-0300] {logging_mixin.py:154} INFO - [2024-01-05T11:06:45.194-0300] {dag.py:2941} INFO - Sync 1 DAGs
[2024-01-05T11:06:45.209-0300] {logging_mixin.py:154} INFO - [2024-01-05T11:06:45.208-0300] {dag.py:3722} INFO - Setting next_dagrun for cities to 2024-01-05T14:05:45.208741+00:00, run_after=2024-01-05T14:06:45.208741+00:00
[2024-01-05T11:06:45.254-0300] {processor.py:179} INFO - Processing /home/felipe/airflow/dags/dag.py took 4.510 seconds
[2024-01-05T11:07:26.492-0300] {processor.py:157} INFO - Started process (PID=15276) to work on /home/felipe/airflow/dags/dag.py
[2024-01-05T11:07:26.551-0300] {processor.py:829} INFO - Processing file /home/felipe/airflow/dags/dag.py for tasks to queue
[2024-01-05T11:07:26.552-0300] {logging_mixin.py:154} INFO - [2024-01-05T11:07:26.552-0300] {dagbag.py:536} INFO - Filling up the DagBag from /home/felipe/airflow/dags/dag.py
[2024-01-05T11:07:27.805-0300] {logging_mixin.py:154} INFO - SAVING FILE sp
[2024-01-05T11:07:30.010-0300] {logging_mixin.py:154} INFO - SAVING FILE df
[2024-01-05T11:07:30.758-0300] {logging_mixin.py:154} INFO - SAVING FILE cwb
[2024-01-05T11:07:30.759-0300] {processor.py:839} INFO - DAG(s) dict_keys(['cities']) retrieved from /home/felipe/airflow/dags/dag.py
[2024-01-05T11:07:30.764-0300] {logging_mixin.py:154} INFO - [2024-01-05T11:07:30.764-0300] {dag.py:2941} INFO - Sync 1 DAGs
[2024-01-05T11:07:30.771-0300] {logging_mixin.py:154} INFO - [2024-01-05T11:07:30.771-0300] {dag.py:3722} INFO - Setting next_dagrun for cities to 2024-01-05T14:06:30.771695+00:00, run_after=2024-01-05T14:07:30.771695+00:00
[2024-01-05T11:07:30.812-0300] {processor.py:179} INFO - Processing /home/felipe/airflow/dags/dag.py took 4.322 seconds
[2024-01-05T11:08:09.117-0300] {processor.py:157} INFO - Started process (PID=15352) to work on /home/felipe/airflow/dags/dag.py
[2024-01-05T11:08:09.124-0300] {processor.py:829} INFO - Processing file /home/felipe/airflow/dags/dag.py for tasks to queue
[2024-01-05T11:08:09.124-0300] {logging_mixin.py:154} INFO - [2024-01-05T11:08:09.124-0300] {dagbag.py:536} INFO - Filling up the DagBag from /home/felipe/airflow/dags/dag.py
[2024-01-05T11:08:10.335-0300] {logging_mixin.py:154} INFO - SAVING FILE sp
[2024-01-05T11:08:12.469-0300] {logging_mixin.py:154} INFO - SAVING FILE df
[2024-01-05T11:08:14.348-0300] {logging_mixin.py:154} INFO - SAVING FILE cwb
[2024-01-05T11:08:14.350-0300] {processor.py:839} INFO - DAG(s) dict_keys(['cities']) retrieved from /home/felipe/airflow/dags/dag.py
[2024-01-05T11:08:14.355-0300] {logging_mixin.py:154} INFO - [2024-01-05T11:08:14.355-0300] {dag.py:2941} INFO - Sync 1 DAGs
[2024-01-05T11:08:14.362-0300] {logging_mixin.py:154} INFO - [2024-01-05T11:08:14.362-0300] {dag.py:3722} INFO - Setting next_dagrun for cities to 2024-01-05T14:07:14.362638+00:00, run_after=2024-01-05T14:08:14.362638+00:00
[2024-01-05T11:08:14.406-0300] {processor.py:179} INFO - Processing /home/felipe/airflow/dags/dag.py took 5.291 seconds
[2024-01-05T11:08:55.803-0300] {processor.py:157} INFO - Started process (PID=15434) to work on /home/felipe/airflow/dags/dag.py
[2024-01-05T11:08:55.803-0300] {processor.py:829} INFO - Processing file /home/felipe/airflow/dags/dag.py for tasks to queue
[2024-01-05T11:08:55.804-0300] {logging_mixin.py:154} INFO - [2024-01-05T11:08:55.804-0300] {dagbag.py:536} INFO - Filling up the DagBag from /home/felipe/airflow/dags/dag.py
[2024-01-05T11:08:57.010-0300] {logging_mixin.py:154} INFO - SAVING FILE sp
[2024-01-05T11:08:57.441-0300] {logging_mixin.py:154} INFO - SAVING FILE df
[2024-01-05T11:08:58.179-0300] {logging_mixin.py:154} INFO - SAVING FILE cwb
[2024-01-05T11:08:58.180-0300] {processor.py:839} INFO - DAG(s) dict_keys(['cities']) retrieved from /home/felipe/airflow/dags/dag.py
[2024-01-05T11:08:58.185-0300] {logging_mixin.py:154} INFO - [2024-01-05T11:08:58.185-0300] {dag.py:2941} INFO - Sync 1 DAGs
[2024-01-05T11:08:58.193-0300] {logging_mixin.py:154} INFO - [2024-01-05T11:08:58.193-0300] {dag.py:3722} INFO - Setting next_dagrun for cities to 2024-01-05T14:07:58.193128+00:00, run_after=2024-01-05T14:08:58.193128+00:00
[2024-01-05T11:08:58.233-0300] {processor.py:179} INFO - Processing /home/felipe/airflow/dags/dag.py took 2.432 seconds
[2024-01-05T11:09:35.308-0300] {processor.py:157} INFO - Started process (PID=15519) to work on /home/felipe/airflow/dags/dag.py
[2024-01-05T11:09:35.309-0300] {processor.py:829} INFO - Processing file /home/felipe/airflow/dags/dag.py for tasks to queue
[2024-01-05T11:09:35.309-0300] {logging_mixin.py:154} INFO - [2024-01-05T11:09:35.309-0300] {dagbag.py:536} INFO - Filling up the DagBag from /home/felipe/airflow/dags/dag.py
[2024-01-05T11:09:36.544-0300] {logging_mixin.py:154} INFO - SAVING FILE sp
[2024-01-05T11:09:37.464-0300] {logging_mixin.py:154} INFO - SAVING FILE df
[2024-01-05T11:09:39.208-0300] {logging_mixin.py:154} INFO - SAVING FILE cwb
[2024-01-05T11:09:39.210-0300] {processor.py:839} INFO - DAG(s) dict_keys(['cities']) retrieved from /home/felipe/airflow/dags/dag.py
[2024-01-05T11:09:39.217-0300] {logging_mixin.py:154} INFO - [2024-01-05T11:09:39.217-0300] {dag.py:2941} INFO - Sync 1 DAGs
[2024-01-05T11:09:39.229-0300] {logging_mixin.py:154} INFO - [2024-01-05T11:09:39.228-0300] {dag.py:3722} INFO - Setting next_dagrun for cities to 2024-01-05T14:08:39.228815+00:00, run_after=2024-01-05T14:09:39.228815+00:00
[2024-01-05T11:09:39.272-0300] {processor.py:179} INFO - Processing /home/felipe/airflow/dags/dag.py took 3.966 seconds
[2024-01-05T11:10:16.553-0300] {processor.py:157} INFO - Started process (PID=15613) to work on /home/felipe/airflow/dags/dag.py
[2024-01-05T11:10:16.585-0300] {processor.py:829} INFO - Processing file /home/felipe/airflow/dags/dag.py for tasks to queue
[2024-01-05T11:10:16.586-0300] {logging_mixin.py:154} INFO - [2024-01-05T11:10:16.586-0300] {dagbag.py:536} INFO - Filling up the DagBag from /home/felipe/airflow/dags/dag.py
[2024-01-05T11:10:17.785-0300] {logging_mixin.py:154} INFO - SAVING FILE sp
[2024-01-05T11:10:19.796-0300] {logging_mixin.py:154} INFO - SAVING FILE df
[2024-01-05T11:10:21.368-0300] {logging_mixin.py:154} INFO - SAVING FILE cwb
[2024-01-05T11:10:21.370-0300] {processor.py:839} INFO - DAG(s) dict_keys(['cities']) retrieved from /home/felipe/airflow/dags/dag.py
[2024-01-05T11:10:21.377-0300] {logging_mixin.py:154} INFO - [2024-01-05T11:10:21.377-0300] {dag.py:2941} INFO - Sync 1 DAGs
[2024-01-05T11:10:21.388-0300] {logging_mixin.py:154} INFO - [2024-01-05T11:10:21.388-0300] {dag.py:3722} INFO - Setting next_dagrun for cities to 2024-01-05T14:09:21.388734+00:00, run_after=2024-01-05T14:10:21.388734+00:00
[2024-01-05T11:10:21.432-0300] {processor.py:179} INFO - Processing /home/felipe/airflow/dags/dag.py took 4.881 seconds
[2024-01-05T11:11:01.603-0300] {processor.py:157} INFO - Started process (PID=15688) to work on /home/felipe/airflow/dags/dag.py
[2024-01-05T11:11:01.635-0300] {processor.py:829} INFO - Processing file /home/felipe/airflow/dags/dag.py for tasks to queue
[2024-01-05T11:11:01.635-0300] {logging_mixin.py:154} INFO - [2024-01-05T11:11:01.635-0300] {dagbag.py:536} INFO - Filling up the DagBag from /home/felipe/airflow/dags/dag.py
[2024-01-05T11:11:02.834-0300] {logging_mixin.py:154} INFO - SAVING FILE sp
[2024-01-05T11:11:03.274-0300] {logging_mixin.py:154} INFO - SAVING FILE df
[2024-01-05T11:11:04.052-0300] {logging_mixin.py:154} INFO - SAVING FILE cwb
[2024-01-05T11:11:04.053-0300] {processor.py:839} INFO - DAG(s) dict_keys(['cities']) retrieved from /home/felipe/airflow/dags/dag.py
[2024-01-05T11:11:04.061-0300] {logging_mixin.py:154} INFO - [2024-01-05T11:11:04.061-0300] {dag.py:2941} INFO - Sync 1 DAGs
[2024-01-05T11:11:04.072-0300] {logging_mixin.py:154} INFO - [2024-01-05T11:11:04.072-0300] {dag.py:3722} INFO - Setting next_dagrun for cities to 2024-01-05T14:10:04.072033+00:00, run_after=2024-01-05T14:11:04.072033+00:00
[2024-01-05T11:11:04.116-0300] {processor.py:179} INFO - Processing /home/felipe/airflow/dags/dag.py took 2.515 seconds
[2024-01-05T11:11:43.621-0300] {processor.py:157} INFO - Started process (PID=15765) to work on /home/felipe/airflow/dags/dag.py
[2024-01-05T11:11:43.652-0300] {processor.py:829} INFO - Processing file /home/felipe/airflow/dags/dag.py for tasks to queue
[2024-01-05T11:11:43.652-0300] {logging_mixin.py:154} INFO - [2024-01-05T11:11:43.652-0300] {dagbag.py:536} INFO - Filling up the DagBag from /home/felipe/airflow/dags/dag.py
[2024-01-05T11:11:44.238-0300] {logging_mixin.py:154} INFO - sao_paulo - Error: 'NoneType' object is not subscriptable
[2024-01-05T11:11:44.240-0300] {logging_mixin.py:154} INFO - [2024-01-05T11:11:44.239-0300] {dagbag.py:346} ERROR - Failed to import: /home/felipe/airflow/dags/dag.py
Traceback (most recent call last):
  File "/home/felipe/airflow/dags/cities/sao_paulo.py", line 37, in sao_paulo
    processed_response = process_response(response)
                         ^^^^^^^^^^^^^^^^^^^^^^^^^^
  File "/home/felipe/airflow/dags/cities/sao_paulo.py", line 21, in process_response
    for linha in response['l']:
                 ~~~~~~~~^^^^^
TypeError: 'NoneType' object is not subscriptable

During handling of the above exception, another exception occurred:

Traceback (most recent call last):
  File "/home/felipe/.local/lib/python3.11/site-packages/airflow/models/dagbag.py", line 342, in parse
    loader.exec_module(new_module)
  File "<frozen importlib._bootstrap_external>", line 940, in exec_module
  File "<frozen importlib._bootstrap>", line 241, in _call_with_frames_removed
  File "/home/felipe/airflow/dags/dag.py", line 7, in <module>
    from cities.sao_paulo import sao_paulo
  File "/home/felipe/airflow/dags/cities/sao_paulo.py", line 43, in <module>
    sao_paulo()
  File "/home/felipe/airflow/dags/cities/sao_paulo.py", line 41, in sao_paulo
    raise ValueError('Erro em Sao Paulo!')
ValueError: Erro em Sao Paulo!
[2024-01-05T11:11:44.240-0300] {processor.py:841} WARNING - No viable dags retrieved from /home/felipe/airflow/dags/dag.py
[2024-01-05T11:11:44.251-0300] {processor.py:179} INFO - Processing /home/felipe/airflow/dags/dag.py took 0.632 seconds
[2024-01-05T11:12:18.027-0300] {processor.py:157} INFO - Started process (PID=15834) to work on /home/felipe/airflow/dags/dag.py
[2024-01-05T11:12:18.059-0300] {processor.py:829} INFO - Processing file /home/felipe/airflow/dags/dag.py for tasks to queue
[2024-01-05T11:12:18.059-0300] {logging_mixin.py:154} INFO - [2024-01-05T11:12:18.059-0300] {dagbag.py:536} INFO - Filling up the DagBag from /home/felipe/airflow/dags/dag.py
[2024-01-05T11:12:19.328-0300] {logging_mixin.py:154} INFO - SAVING FILE sp
[2024-01-05T11:12:19.768-0300] {logging_mixin.py:154} INFO - SAVING FILE df
[2024-01-05T11:12:20.529-0300] {logging_mixin.py:154} INFO - SAVING FILE cwb
[2024-01-05T11:12:20.531-0300] {processor.py:839} INFO - DAG(s) dict_keys(['cities']) retrieved from /home/felipe/airflow/dags/dag.py
[2024-01-05T11:12:20.538-0300] {logging_mixin.py:154} INFO - [2024-01-05T11:12:20.538-0300] {dag.py:2941} INFO - Sync 1 DAGs
[2024-01-05T11:12:20.549-0300] {logging_mixin.py:154} INFO - [2024-01-05T11:12:20.549-0300] {dag.py:3722} INFO - Setting next_dagrun for cities to 2024-01-05T14:11:20.548972+00:00, run_after=2024-01-05T14:12:20.548972+00:00
[2024-01-05T11:12:20.592-0300] {processor.py:179} INFO - Processing /home/felipe/airflow/dags/dag.py took 2.567 seconds
[2024-01-05T11:12:56.988-0300] {processor.py:157} INFO - Started process (PID=17230) to work on /home/felipe/airflow/dags/dag.py
[2024-01-05T11:12:57.020-0300] {processor.py:829} INFO - Processing file /home/felipe/airflow/dags/dag.py for tasks to queue
[2024-01-05T11:12:57.020-0300] {logging_mixin.py:154} INFO - [2024-01-05T11:12:57.020-0300] {dagbag.py:536} INFO - Filling up the DagBag from /home/felipe/airflow/dags/dag.py
[2024-01-05T11:12:58.296-0300] {logging_mixin.py:154} INFO - SAVING FILE sp
[2024-01-05T11:12:59.545-0300] {logging_mixin.py:154} INFO - SAVING FILE df
[2024-01-05T11:13:01.392-0300] {logging_mixin.py:154} INFO - SAVING FILE cwb
[2024-01-05T11:13:01.394-0300] {processor.py:839} INFO - DAG(s) dict_keys(['cities']) retrieved from /home/felipe/airflow/dags/dag.py
[2024-01-05T11:13:01.402-0300] {logging_mixin.py:154} INFO - [2024-01-05T11:13:01.401-0300] {dag.py:2941} INFO - Sync 1 DAGs
[2024-01-05T11:13:01.413-0300] {logging_mixin.py:154} INFO - [2024-01-05T11:13:01.413-0300] {dag.py:3722} INFO - Setting next_dagrun for cities to 2024-01-05T14:12:01.412931+00:00, run_after=2024-01-05T14:13:01.412931+00:00
[2024-01-05T11:13:01.455-0300] {processor.py:179} INFO - Processing /home/felipe/airflow/dags/dag.py took 4.469 seconds
[2024-01-05T11:13:42.492-0300] {processor.py:157} INFO - Started process (PID=17314) to work on /home/felipe/airflow/dags/dag.py
[2024-01-05T11:13:42.524-0300] {processor.py:829} INFO - Processing file /home/felipe/airflow/dags/dag.py for tasks to queue
[2024-01-05T11:13:42.524-0300] {logging_mixin.py:154} INFO - [2024-01-05T11:13:42.524-0300] {dagbag.py:536} INFO - Filling up the DagBag from /home/felipe/airflow/dags/dag.py
[2024-01-05T11:13:43.759-0300] {logging_mixin.py:154} INFO - SAVING FILE sp
[2024-01-05T11:13:44.223-0300] {logging_mixin.py:154} INFO - SAVING FILE df
[2024-01-05T11:13:46.218-0300] {logging_mixin.py:154} INFO - SAVING FILE cwb
[2024-01-05T11:13:46.221-0300] {processor.py:839} INFO - DAG(s) dict_keys(['cities']) retrieved from /home/felipe/airflow/dags/dag.py
[2024-01-05T11:13:46.230-0300] {logging_mixin.py:154} INFO - [2024-01-05T11:13:46.229-0300] {dag.py:2941} INFO - Sync 1 DAGs
[2024-01-05T11:13:46.244-0300] {logging_mixin.py:154} INFO - [2024-01-05T11:13:46.244-0300] {dag.py:3722} INFO - Setting next_dagrun for cities to 2024-01-05T14:12:46.244217+00:00, run_after=2024-01-05T14:13:46.244217+00:00
[2024-01-05T11:13:46.289-0300] {processor.py:179} INFO - Processing /home/felipe/airflow/dags/dag.py took 3.800 seconds
[2024-01-05T11:14:22.173-0300] {processor.py:157} INFO - Started process (PID=17386) to work on /home/felipe/airflow/dags/dag.py
[2024-01-05T11:14:22.174-0300] {processor.py:829} INFO - Processing file /home/felipe/airflow/dags/dag.py for tasks to queue
[2024-01-05T11:14:22.174-0300] {logging_mixin.py:154} INFO - [2024-01-05T11:14:22.174-0300] {dagbag.py:536} INFO - Filling up the DagBag from /home/felipe/airflow/dags/dag.py
[2024-01-05T11:14:23.407-0300] {logging_mixin.py:154} INFO - SAVING FILE sp
[2024-01-05T11:14:23.849-0300] {logging_mixin.py:154} INFO - SAVING FILE df
[2024-01-05T11:14:25.635-0300] {logging_mixin.py:154} INFO - SAVING FILE cwb
[2024-01-05T11:14:25.637-0300] {processor.py:839} INFO - DAG(s) dict_keys(['cities']) retrieved from /home/felipe/airflow/dags/dag.py
[2024-01-05T11:14:25.646-0300] {logging_mixin.py:154} INFO - [2024-01-05T11:14:25.646-0300] {dag.py:2941} INFO - Sync 1 DAGs
[2024-01-05T11:14:25.661-0300] {logging_mixin.py:154} INFO - [2024-01-05T11:14:25.661-0300] {dag.py:3722} INFO - Setting next_dagrun for cities to 2024-01-05T14:13:25.661098+00:00, run_after=2024-01-05T14:14:25.661098+00:00
[2024-01-05T11:14:25.706-0300] {processor.py:179} INFO - Processing /home/felipe/airflow/dags/dag.py took 3.535 seconds
[2024-01-05T11:15:05.119-0300] {processor.py:157} INFO - Started process (PID=17464) to work on /home/felipe/airflow/dags/dag.py
[2024-01-05T11:15:05.151-0300] {processor.py:829} INFO - Processing file /home/felipe/airflow/dags/dag.py for tasks to queue
[2024-01-05T11:15:05.151-0300] {logging_mixin.py:154} INFO - [2024-01-05T11:15:05.151-0300] {dagbag.py:536} INFO - Filling up the DagBag from /home/felipe/airflow/dags/dag.py
[2024-01-05T11:15:06.367-0300] {logging_mixin.py:154} INFO - SAVING FILE sp
[2024-01-05T11:15:06.814-0300] {logging_mixin.py:154} INFO - SAVING FILE df
[2024-01-05T11:15:07.550-0300] {logging_mixin.py:154} INFO - SAVING FILE cwb
[2024-01-05T11:15:07.552-0300] {processor.py:839} INFO - DAG(s) dict_keys(['cities']) retrieved from /home/felipe/airflow/dags/dag.py
[2024-01-05T11:15:07.559-0300] {logging_mixin.py:154} INFO - [2024-01-05T11:15:07.558-0300] {dag.py:2941} INFO - Sync 1 DAGs
[2024-01-05T11:15:07.569-0300] {logging_mixin.py:154} INFO - [2024-01-05T11:15:07.569-0300] {dag.py:3722} INFO - Setting next_dagrun for cities to 2024-01-05T14:14:07.569584+00:00, run_after=2024-01-05T14:15:07.569584+00:00
[2024-01-05T11:15:07.612-0300] {processor.py:179} INFO - Processing /home/felipe/airflow/dags/dag.py took 2.496 seconds
[2024-01-05T11:15:45.773-0300] {processor.py:157} INFO - Started process (PID=17539) to work on /home/felipe/airflow/dags/dag.py
[2024-01-05T11:15:45.805-0300] {processor.py:829} INFO - Processing file /home/felipe/airflow/dags/dag.py for tasks to queue
[2024-01-05T11:15:45.806-0300] {logging_mixin.py:154} INFO - [2024-01-05T11:15:45.805-0300] {dagbag.py:536} INFO - Filling up the DagBag from /home/felipe/airflow/dags/dag.py
[2024-01-05T11:15:47.021-0300] {logging_mixin.py:154} INFO - SAVING FILE sp
[2024-01-05T11:15:47.472-0300] {logging_mixin.py:154} INFO - SAVING FILE df
[2024-01-05T11:15:48.205-0300] {logging_mixin.py:154} INFO - SAVING FILE cwb
[2024-01-05T11:15:48.207-0300] {processor.py:839} INFO - DAG(s) dict_keys(['cities']) retrieved from /home/felipe/airflow/dags/dag.py
[2024-01-05T11:15:48.214-0300] {logging_mixin.py:154} INFO - [2024-01-05T11:15:48.214-0300] {dag.py:2941} INFO - Sync 1 DAGs
[2024-01-05T11:15:48.225-0300] {logging_mixin.py:154} INFO - [2024-01-05T11:15:48.225-0300] {dag.py:3722} INFO - Setting next_dagrun for cities to 2024-01-05T14:14:48.225069+00:00, run_after=2024-01-05T14:15:48.225069+00:00
[2024-01-05T11:15:48.267-0300] {processor.py:179} INFO - Processing /home/felipe/airflow/dags/dag.py took 2.497 seconds
[2024-01-05T11:16:24.826-0300] {processor.py:157} INFO - Started process (PID=17622) to work on /home/felipe/airflow/dags/dag.py
[2024-01-05T11:16:24.827-0300] {processor.py:829} INFO - Processing file /home/felipe/airflow/dags/dag.py for tasks to queue
[2024-01-05T11:16:24.827-0300] {logging_mixin.py:154} INFO - [2024-01-05T11:16:24.827-0300] {dagbag.py:536} INFO - Filling up the DagBag from /home/felipe/airflow/dags/dag.py
[2024-01-05T11:16:26.026-0300] {logging_mixin.py:154} INFO - SAVING FILE sp
[2024-01-05T11:16:26.483-0300] {logging_mixin.py:154} INFO - SAVING FILE df
[2024-01-05T11:16:28.229-0300] {logging_mixin.py:154} INFO - SAVING FILE cwb
[2024-01-05T11:16:28.232-0300] {processor.py:839} INFO - DAG(s) dict_keys(['cities']) retrieved from /home/felipe/airflow/dags/dag.py
[2024-01-05T11:16:28.241-0300] {logging_mixin.py:154} INFO - [2024-01-05T11:16:28.240-0300] {dag.py:2941} INFO - Sync 1 DAGs
[2024-01-05T11:16:28.255-0300] {logging_mixin.py:154} INFO - [2024-01-05T11:16:28.255-0300] {dag.py:3722} INFO - Setting next_dagrun for cities to 2024-01-05T14:15:28.255254+00:00, run_after=2024-01-05T14:16:28.255254+00:00
[2024-01-05T11:16:28.300-0300] {processor.py:179} INFO - Processing /home/felipe/airflow/dags/dag.py took 3.476 seconds
[2024-01-05T11:17:07.599-0300] {processor.py:157} INFO - Started process (PID=17707) to work on /home/felipe/airflow/dags/dag.py
[2024-01-05T11:17:07.632-0300] {processor.py:829} INFO - Processing file /home/felipe/airflow/dags/dag.py for tasks to queue
[2024-01-05T11:17:07.632-0300] {logging_mixin.py:154} INFO - [2024-01-05T11:17:07.632-0300] {dagbag.py:536} INFO - Filling up the DagBag from /home/felipe/airflow/dags/dag.py
[2024-01-05T11:17:08.903-0300] {logging_mixin.py:154} INFO - SAVING FILE sp
[2024-01-05T11:17:12.787-0300] {logging_mixin.py:154} INFO - SAVING FILE df
[2024-01-05T11:17:14.502-0300] {logging_mixin.py:154} INFO - SAVING FILE cwb
[2024-01-05T11:17:14.504-0300] {processor.py:839} INFO - DAG(s) dict_keys(['cities']) retrieved from /home/felipe/airflow/dags/dag.py
[2024-01-05T11:17:14.511-0300] {logging_mixin.py:154} INFO - [2024-01-05T11:17:14.511-0300] {dag.py:2941} INFO - Sync 1 DAGs
[2024-01-05T11:17:14.523-0300] {logging_mixin.py:154} INFO - [2024-01-05T11:17:14.523-0300] {dag.py:3722} INFO - Setting next_dagrun for cities to 2024-01-05T14:16:14.522899+00:00, run_after=2024-01-05T14:17:14.522899+00:00
[2024-01-05T11:17:14.565-0300] {processor.py:179} INFO - Processing /home/felipe/airflow/dags/dag.py took 6.968 seconds
[2024-01-05T11:17:54.939-0300] {processor.py:157} INFO - Started process (PID=17786) to work on /home/felipe/airflow/dags/dag.py
[2024-01-05T11:17:54.971-0300] {processor.py:829} INFO - Processing file /home/felipe/airflow/dags/dag.py for tasks to queue
[2024-01-05T11:17:54.972-0300] {logging_mixin.py:154} INFO - [2024-01-05T11:17:54.971-0300] {dagbag.py:536} INFO - Filling up the DagBag from /home/felipe/airflow/dags/dag.py
[2024-01-05T11:17:56.304-0300] {logging_mixin.py:154} INFO - SAVING FILE sp
[2024-01-05T11:18:01.079-0300] {logging_mixin.py:154} INFO - SAVING FILE df
[2024-01-05T11:18:01.835-0300] {logging_mixin.py:154} INFO - SAVING FILE cwb
[2024-01-05T11:18:01.836-0300] {processor.py:839} INFO - DAG(s) dict_keys(['cities']) retrieved from /home/felipe/airflow/dags/dag.py
[2024-01-05T11:18:01.841-0300] {logging_mixin.py:154} INFO - [2024-01-05T11:18:01.841-0300] {dag.py:2941} INFO - Sync 1 DAGs
[2024-01-05T11:18:01.848-0300] {logging_mixin.py:154} INFO - [2024-01-05T11:18:01.848-0300] {dag.py:3722} INFO - Setting next_dagrun for cities to 2024-01-05T14:17:01.848692+00:00, run_after=2024-01-05T14:18:01.848692+00:00
[2024-01-05T11:18:01.888-0300] {processor.py:179} INFO - Processing /home/felipe/airflow/dags/dag.py took 6.951 seconds
[2024-01-05T11:18:43.162-0300] {processor.py:157} INFO - Started process (PID=17871) to work on /home/felipe/airflow/dags/dag.py
[2024-01-05T11:18:43.194-0300] {processor.py:829} INFO - Processing file /home/felipe/airflow/dags/dag.py for tasks to queue
[2024-01-05T11:18:43.195-0300] {logging_mixin.py:154} INFO - [2024-01-05T11:18:43.195-0300] {dagbag.py:536} INFO - Filling up the DagBag from /home/felipe/airflow/dags/dag.py
[2024-01-05T11:18:44.408-0300] {logging_mixin.py:154} INFO - SAVING FILE sp
[2024-01-05T11:18:49.484-0300] {logging_mixin.py:154} INFO - SAVING FILE df
[2024-01-05T11:18:50.534-0300] {logging_mixin.py:154} INFO - SAVING FILE cwb
[2024-01-05T11:18:50.536-0300] {processor.py:839} INFO - DAG(s) dict_keys(['cities']) retrieved from /home/felipe/airflow/dags/dag.py
[2024-01-05T11:18:50.546-0300] {logging_mixin.py:154} INFO - [2024-01-05T11:18:50.545-0300] {dag.py:2941} INFO - Sync 1 DAGs
[2024-01-05T11:18:50.560-0300] {logging_mixin.py:154} INFO - [2024-01-05T11:18:50.560-0300] {dag.py:3722} INFO - Setting next_dagrun for cities to 2024-01-05T14:17:50.560328+00:00, run_after=2024-01-05T14:18:50.560328+00:00
[2024-01-05T11:18:50.605-0300] {processor.py:179} INFO - Processing /home/felipe/airflow/dags/dag.py took 7.444 seconds
[2024-01-05T11:19:33.120-0300] {processor.py:157} INFO - Started process (PID=17950) to work on /home/felipe/airflow/dags/dag.py
[2024-01-05T11:19:33.152-0300] {processor.py:829} INFO - Processing file /home/felipe/airflow/dags/dag.py for tasks to queue
[2024-01-05T11:19:33.153-0300] {logging_mixin.py:154} INFO - [2024-01-05T11:19:33.152-0300] {dagbag.py:536} INFO - Filling up the DagBag from /home/felipe/airflow/dags/dag.py
[2024-01-05T11:19:34.487-0300] {logging_mixin.py:154} INFO - SAVING FILE sp
[2024-01-05T11:19:38.710-0300] {logging_mixin.py:154} INFO - SAVING FILE df
[2024-01-05T11:19:39.447-0300] {logging_mixin.py:154} INFO - SAVING FILE cwb
[2024-01-05T11:19:39.448-0300] {processor.py:839} INFO - DAG(s) dict_keys(['cities']) retrieved from /home/felipe/airflow/dags/dag.py
[2024-01-05T11:19:39.453-0300] {logging_mixin.py:154} INFO - [2024-01-05T11:19:39.453-0300] {dag.py:2941} INFO - Sync 1 DAGs
[2024-01-05T11:19:39.461-0300] {logging_mixin.py:154} INFO - [2024-01-05T11:19:39.461-0300] {dag.py:3722} INFO - Setting next_dagrun for cities to 2024-01-05T14:18:39.461075+00:00, run_after=2024-01-05T14:19:39.461075+00:00
[2024-01-05T11:19:39.502-0300] {processor.py:179} INFO - Processing /home/felipe/airflow/dags/dag.py took 6.384 seconds
[2024-01-05T11:20:17.903-0300] {processor.py:157} INFO - Started process (PID=18026) to work on /home/felipe/airflow/dags/dag.py
[2024-01-05T11:20:17.935-0300] {processor.py:829} INFO - Processing file /home/felipe/airflow/dags/dag.py for tasks to queue
[2024-01-05T11:20:17.936-0300] {logging_mixin.py:154} INFO - [2024-01-05T11:20:17.936-0300] {dagbag.py:536} INFO - Filling up the DagBag from /home/felipe/airflow/dags/dag.py
[2024-01-05T11:20:19.157-0300] {logging_mixin.py:154} INFO - SAVING FILE sp
[2024-01-05T11:20:20.422-0300] {logging_mixin.py:154} INFO - SAVING FILE df
[2024-01-05T11:20:22.021-0300] {logging_mixin.py:154} INFO - SAVING FILE cwb
[2024-01-05T11:20:22.022-0300] {processor.py:839} INFO - DAG(s) dict_keys(['cities']) retrieved from /home/felipe/airflow/dags/dag.py
[2024-01-05T11:20:22.027-0300] {logging_mixin.py:154} INFO - [2024-01-05T11:20:22.027-0300] {dag.py:2941} INFO - Sync 1 DAGs
[2024-01-05T11:20:22.035-0300] {logging_mixin.py:154} INFO - [2024-01-05T11:20:22.035-0300] {dag.py:3722} INFO - Setting next_dagrun for cities to 2024-01-05T14:19:22.035140+00:00, run_after=2024-01-05T14:20:22.035140+00:00
[2024-01-05T11:20:22.075-0300] {processor.py:179} INFO - Processing /home/felipe/airflow/dags/dag.py took 4.173 seconds
[2024-01-05T11:21:02.394-0300] {processor.py:157} INFO - Started process (PID=18102) to work on /home/felipe/airflow/dags/dag.py
[2024-01-05T11:21:02.426-0300] {processor.py:829} INFO - Processing file /home/felipe/airflow/dags/dag.py for tasks to queue
[2024-01-05T11:21:02.427-0300] {logging_mixin.py:154} INFO - [2024-01-05T11:21:02.426-0300] {dagbag.py:536} INFO - Filling up the DagBag from /home/felipe/airflow/dags/dag.py
[2024-01-05T11:21:03.659-0300] {logging_mixin.py:154} INFO - SAVING FILE sp
[2024-01-05T11:21:04.105-0300] {logging_mixin.py:154} INFO - SAVING FILE df
[2024-01-05T11:21:04.883-0300] {logging_mixin.py:154} INFO - SAVING FILE cwb
[2024-01-05T11:21:04.885-0300] {processor.py:839} INFO - DAG(s) dict_keys(['cities']) retrieved from /home/felipe/airflow/dags/dag.py
[2024-01-05T11:21:04.890-0300] {logging_mixin.py:154} INFO - [2024-01-05T11:21:04.889-0300] {dag.py:2941} INFO - Sync 1 DAGs
[2024-01-05T11:21:04.898-0300] {logging_mixin.py:154} INFO - [2024-01-05T11:21:04.897-0300] {dag.py:3722} INFO - Setting next_dagrun for cities to 2024-01-05T14:20:04.897899+00:00, run_after=2024-01-05T14:21:04.897899+00:00
[2024-01-05T11:21:04.937-0300] {processor.py:179} INFO - Processing /home/felipe/airflow/dags/dag.py took 2.545 seconds
[2024-01-05T11:21:41.261-0300] {processor.py:157} INFO - Started process (PID=18176) to work on /home/felipe/airflow/dags/dag.py
[2024-01-05T11:21:41.269-0300] {processor.py:829} INFO - Processing file /home/felipe/airflow/dags/dag.py for tasks to queue
[2024-01-05T11:21:41.270-0300] {logging_mixin.py:154} INFO - [2024-01-05T11:21:41.269-0300] {dagbag.py:536} INFO - Filling up the DagBag from /home/felipe/airflow/dags/dag.py
[2024-01-05T11:21:42.500-0300] {logging_mixin.py:154} INFO - SAVING FILE sp
[2024-01-05T11:21:42.950-0300] {logging_mixin.py:154} INFO - SAVING FILE df
[2024-01-05T11:21:43.711-0300] {logging_mixin.py:154} INFO - SAVING FILE cwb
[2024-01-05T11:21:43.712-0300] {processor.py:839} INFO - DAG(s) dict_keys(['cities']) retrieved from /home/felipe/airflow/dags/dag.py
[2024-01-05T11:21:43.717-0300] {logging_mixin.py:154} INFO - [2024-01-05T11:21:43.717-0300] {dag.py:2941} INFO - Sync 1 DAGs
[2024-01-05T11:21:43.725-0300] {logging_mixin.py:154} INFO - [2024-01-05T11:21:43.725-0300] {dag.py:3722} INFO - Setting next_dagrun for cities to 2024-01-05T14:20:43.725236+00:00, run_after=2024-01-05T14:21:43.725236+00:00
[2024-01-05T11:21:43.765-0300] {processor.py:179} INFO - Processing /home/felipe/airflow/dags/dag.py took 2.506 seconds
[2024-01-05T11:22:19.266-0300] {processor.py:157} INFO - Started process (PID=18246) to work on /home/felipe/airflow/dags/dag.py
[2024-01-05T11:22:19.298-0300] {processor.py:829} INFO - Processing file /home/felipe/airflow/dags/dag.py for tasks to queue
[2024-01-05T11:22:19.299-0300] {logging_mixin.py:154} INFO - [2024-01-05T11:22:19.299-0300] {dagbag.py:536} INFO - Filling up the DagBag from /home/felipe/airflow/dags/dag.py
[2024-01-05T11:22:20.531-0300] {logging_mixin.py:154} INFO - SAVING FILE sp
[2024-01-05T11:22:21.125-0300] {logging_mixin.py:154} INFO - SAVING FILE df
[2024-01-05T11:22:22.733-0300] {logging_mixin.py:154} INFO - SAVING FILE cwb
[2024-01-05T11:22:22.734-0300] {processor.py:839} INFO - DAG(s) dict_keys(['cities']) retrieved from /home/felipe/airflow/dags/dag.py
[2024-01-05T11:22:22.739-0300] {logging_mixin.py:154} INFO - [2024-01-05T11:22:22.739-0300] {dag.py:2941} INFO - Sync 1 DAGs
[2024-01-05T11:22:22.746-0300] {logging_mixin.py:154} INFO - [2024-01-05T11:22:22.746-0300] {dag.py:3722} INFO - Setting next_dagrun for cities to 2024-01-05T14:21:22.746764+00:00, run_after=2024-01-05T14:22:22.746764+00:00
[2024-01-05T11:22:22.786-0300] {processor.py:179} INFO - Processing /home/felipe/airflow/dags/dag.py took 3.522 seconds
[2024-01-05T11:23:06.159-0300] {processor.py:157} INFO - Started process (PID=18324) to work on /home/felipe/airflow/dags/dag.py
[2024-01-05T11:23:06.159-0300] {processor.py:829} INFO - Processing file /home/felipe/airflow/dags/dag.py for tasks to queue
[2024-01-05T11:23:06.160-0300] {logging_mixin.py:154} INFO - [2024-01-05T11:23:06.159-0300] {dagbag.py:536} INFO - Filling up the DagBag from /home/felipe/airflow/dags/dag.py
[2024-01-05T11:23:07.394-0300] {logging_mixin.py:154} INFO - SAVING FILE sp
[2024-01-05T11:23:07.842-0300] {logging_mixin.py:154} INFO - SAVING FILE df
[2024-01-05T11:23:08.591-0300] {logging_mixin.py:154} INFO - SAVING FILE cwb
[2024-01-05T11:23:08.593-0300] {processor.py:839} INFO - DAG(s) dict_keys(['cities']) retrieved from /home/felipe/airflow/dags/dag.py
[2024-01-05T11:23:08.600-0300] {logging_mixin.py:154} INFO - [2024-01-05T11:23:08.600-0300] {dag.py:2941} INFO - Sync 1 DAGs
[2024-01-05T11:23:08.611-0300] {logging_mixin.py:154} INFO - [2024-01-05T11:23:08.611-0300] {dag.py:3722} INFO - Setting next_dagrun for cities to 2024-01-05T14:22:08.611299+00:00, run_after=2024-01-05T14:23:08.611299+00:00
[2024-01-05T11:23:08.654-0300] {processor.py:179} INFO - Processing /home/felipe/airflow/dags/dag.py took 2.497 seconds
[2024-01-05T11:23:51.381-0300] {processor.py:157} INFO - Started process (PID=18408) to work on /home/felipe/airflow/dags/dag.py
[2024-01-05T11:23:51.413-0300] {processor.py:829} INFO - Processing file /home/felipe/airflow/dags/dag.py for tasks to queue
[2024-01-05T11:23:51.414-0300] {logging_mixin.py:154} INFO - [2024-01-05T11:23:51.413-0300] {dagbag.py:536} INFO - Filling up the DagBag from /home/felipe/airflow/dags/dag.py
[2024-01-05T11:23:52.723-0300] {logging_mixin.py:154} INFO - SAVING FILE sp
[2024-01-05T11:23:53.168-0300] {logging_mixin.py:154} INFO - SAVING FILE df
[2024-01-05T11:23:54.916-0300] {logging_mixin.py:154} INFO - SAVING FILE cwb
[2024-01-05T11:23:54.918-0300] {processor.py:839} INFO - DAG(s) dict_keys(['cities']) retrieved from /home/felipe/airflow/dags/dag.py
[2024-01-05T11:23:54.927-0300] {logging_mixin.py:154} INFO - [2024-01-05T11:23:54.927-0300] {dag.py:2941} INFO - Sync 1 DAGs
[2024-01-05T11:23:54.942-0300] {logging_mixin.py:154} INFO - [2024-01-05T11:23:54.941-0300] {dag.py:3722} INFO - Setting next_dagrun for cities to 2024-01-05T14:22:54.941751+00:00, run_after=2024-01-05T14:23:54.941751+00:00
[2024-01-05T11:23:54.988-0300] {processor.py:179} INFO - Processing /home/felipe/airflow/dags/dag.py took 3.609 seconds
[2024-01-05T11:24:33.630-0300] {processor.py:157} INFO - Started process (PID=18484) to work on /home/felipe/airflow/dags/dag.py
[2024-01-05T11:24:33.662-0300] {processor.py:829} INFO - Processing file /home/felipe/airflow/dags/dag.py for tasks to queue
[2024-01-05T11:24:33.663-0300] {logging_mixin.py:154} INFO - [2024-01-05T11:24:33.662-0300] {dagbag.py:536} INFO - Filling up the DagBag from /home/felipe/airflow/dags/dag.py
[2024-01-05T11:24:34.887-0300] {logging_mixin.py:154} INFO - SAVING FILE sp
[2024-01-05T11:24:35.322-0300] {logging_mixin.py:154} INFO - SAVING FILE df
[2024-01-05T11:24:37.114-0300] {logging_mixin.py:154} INFO - SAVING FILE cwb
[2024-01-05T11:24:37.116-0300] {processor.py:839} INFO - DAG(s) dict_keys(['cities']) retrieved from /home/felipe/airflow/dags/dag.py
[2024-01-05T11:24:37.125-0300] {logging_mixin.py:154} INFO - [2024-01-05T11:24:37.125-0300] {dag.py:2941} INFO - Sync 1 DAGs
[2024-01-05T11:24:37.139-0300] {logging_mixin.py:154} INFO - [2024-01-05T11:24:37.139-0300] {dag.py:3722} INFO - Setting next_dagrun for cities to 2024-01-05T14:23:37.139607+00:00, run_after=2024-01-05T14:24:37.139607+00:00
[2024-01-05T11:24:37.185-0300] {processor.py:179} INFO - Processing /home/felipe/airflow/dags/dag.py took 3.557 seconds
[2024-01-05T11:25:19.627-0300] {processor.py:157} INFO - Started process (PID=18603) to work on /home/felipe/airflow/dags/dag.py
[2024-01-05T11:25:19.659-0300] {processor.py:829} INFO - Processing file /home/felipe/airflow/dags/dag.py for tasks to queue
[2024-01-05T11:25:19.660-0300] {logging_mixin.py:154} INFO - [2024-01-05T11:25:19.660-0300] {dagbag.py:536} INFO - Filling up the DagBag from /home/felipe/airflow/dags/dag.py
[2024-01-05T11:25:20.845-0300] {logging_mixin.py:154} INFO - SAVING FILE sp
[2024-01-05T11:25:25.621-0300] {logging_mixin.py:154} INFO - SAVING FILE df
[2024-01-05T11:25:27.240-0300] {logging_mixin.py:154} INFO - SAVING FILE cwb
[2024-01-05T11:25:27.242-0300] {processor.py:839} INFO - DAG(s) dict_keys(['cities']) retrieved from /home/felipe/airflow/dags/dag.py
[2024-01-05T11:25:27.251-0300] {logging_mixin.py:154} INFO - [2024-01-05T11:25:27.251-0300] {dag.py:2941} INFO - Sync 1 DAGs
[2024-01-05T11:25:27.266-0300] {logging_mixin.py:154} INFO - [2024-01-05T11:25:27.265-0300] {dag.py:3722} INFO - Setting next_dagrun for cities to 2024-01-05T14:24:27.265697+00:00, run_after=2024-01-05T14:25:27.265697+00:00
[2024-01-05T11:25:27.311-0300] {processor.py:179} INFO - Processing /home/felipe/airflow/dags/dag.py took 7.685 seconds
[2024-01-05T11:26:08.215-0300] {processor.py:157} INFO - Started process (PID=18685) to work on /home/felipe/airflow/dags/dag.py
[2024-01-05T11:26:08.216-0300] {processor.py:829} INFO - Processing file /home/felipe/airflow/dags/dag.py for tasks to queue
[2024-01-05T11:26:08.216-0300] {logging_mixin.py:154} INFO - [2024-01-05T11:26:08.216-0300] {dagbag.py:536} INFO - Filling up the DagBag from /home/felipe/airflow/dags/dag.py
[2024-01-05T11:26:09.554-0300] {logging_mixin.py:154} INFO - SAVING FILE sp
[2024-01-05T11:26:10.005-0300] {logging_mixin.py:154} INFO - SAVING FILE df
[2024-01-05T11:26:10.745-0300] {logging_mixin.py:154} INFO - SAVING FILE cwb
[2024-01-05T11:26:10.747-0300] {processor.py:839} INFO - DAG(s) dict_keys(['cities']) retrieved from /home/felipe/airflow/dags/dag.py
[2024-01-05T11:26:10.756-0300] {logging_mixin.py:154} INFO - [2024-01-05T11:26:10.756-0300] {dag.py:2941} INFO - Sync 1 DAGs
[2024-01-05T11:26:10.770-0300] {logging_mixin.py:154} INFO - [2024-01-05T11:26:10.770-0300] {dag.py:3722} INFO - Setting next_dagrun for cities to 2024-01-05T14:25:10.770050+00:00, run_after=2024-01-05T14:26:10.770050+00:00
[2024-01-05T11:26:10.814-0300] {processor.py:179} INFO - Processing /home/felipe/airflow/dags/dag.py took 2.601 seconds
[2024-01-05T11:26:51.055-0300] {processor.py:157} INFO - Started process (PID=18765) to work on /home/felipe/airflow/dags/dag.py
[2024-01-05T11:26:51.087-0300] {processor.py:829} INFO - Processing file /home/felipe/airflow/dags/dag.py for tasks to queue
[2024-01-05T11:26:51.088-0300] {logging_mixin.py:154} INFO - [2024-01-05T11:26:51.088-0300] {dagbag.py:536} INFO - Filling up the DagBag from /home/felipe/airflow/dags/dag.py
[2024-01-05T11:26:52.308-0300] {logging_mixin.py:154} INFO - SAVING FILE sp
[2024-01-05T11:26:57.281-0300] {logging_mixin.py:154} INFO - SAVING FILE df
[2024-01-05T11:26:59.099-0300] {logging_mixin.py:154} INFO - SAVING FILE cwb
[2024-01-05T11:26:59.101-0300] {processor.py:839} INFO - DAG(s) dict_keys(['cities']) retrieved from /home/felipe/airflow/dags/dag.py
[2024-01-05T11:26:59.110-0300] {logging_mixin.py:154} INFO - [2024-01-05T11:26:59.110-0300] {dag.py:2941} INFO - Sync 1 DAGs
[2024-01-05T11:26:59.124-0300] {logging_mixin.py:154} INFO - [2024-01-05T11:26:59.124-0300] {dag.py:3722} INFO - Setting next_dagrun for cities to 2024-01-05T14:25:59.124398+00:00, run_after=2024-01-05T14:26:59.124398+00:00
[2024-01-05T11:26:59.169-0300] {processor.py:179} INFO - Processing /home/felipe/airflow/dags/dag.py took 8.116 seconds
[2024-01-05T11:27:44.878-0300] {processor.py:157} INFO - Started process (PID=18848) to work on /home/felipe/airflow/dags/dag.py
[2024-01-05T11:27:44.910-0300] {processor.py:829} INFO - Processing file /home/felipe/airflow/dags/dag.py for tasks to queue
[2024-01-05T11:27:44.911-0300] {logging_mixin.py:154} INFO - [2024-01-05T11:27:44.910-0300] {dagbag.py:536} INFO - Filling up the DagBag from /home/felipe/airflow/dags/dag.py
[2024-01-05T11:27:46.151-0300] {logging_mixin.py:154} INFO - SAVING FILE sp
[2024-01-05T11:27:50.311-0300] {logging_mixin.py:154} INFO - SAVING FILE df
[2024-01-05T11:27:51.899-0300] {logging_mixin.py:154} INFO - SAVING FILE cwb
[2024-01-05T11:27:51.901-0300] {processor.py:839} INFO - DAG(s) dict_keys(['cities']) retrieved from /home/felipe/airflow/dags/dag.py
[2024-01-05T11:27:51.910-0300] {logging_mixin.py:154} INFO - [2024-01-05T11:27:51.910-0300] {dag.py:2941} INFO - Sync 1 DAGs
[2024-01-05T11:27:51.924-0300] {logging_mixin.py:154} INFO - [2024-01-05T11:27:51.924-0300] {dag.py:3722} INFO - Setting next_dagrun for cities to 2024-01-05T14:26:51.924387+00:00, run_after=2024-01-05T14:27:51.924387+00:00
[2024-01-05T11:27:51.969-0300] {processor.py:179} INFO - Processing /home/felipe/airflow/dags/dag.py took 7.093 seconds
[2024-01-05T11:28:35.344-0300] {processor.py:157} INFO - Started process (PID=18932) to work on /home/felipe/airflow/dags/dag.py
[2024-01-05T11:28:35.376-0300] {processor.py:829} INFO - Processing file /home/felipe/airflow/dags/dag.py for tasks to queue
[2024-01-05T11:28:35.377-0300] {logging_mixin.py:154} INFO - [2024-01-05T11:28:35.376-0300] {dagbag.py:536} INFO - Filling up the DagBag from /home/felipe/airflow/dags/dag.py
[2024-01-05T11:28:36.607-0300] {logging_mixin.py:154} INFO - SAVING FILE sp
[2024-01-05T11:28:41.596-0300] {logging_mixin.py:154} INFO - SAVING FILE df
[2024-01-05T11:28:43.145-0300] {logging_mixin.py:154} INFO - SAVING FILE cwb
[2024-01-05T11:28:43.148-0300] {processor.py:839} INFO - DAG(s) dict_keys(['cities']) retrieved from /home/felipe/airflow/dags/dag.py
[2024-01-05T11:28:43.157-0300] {logging_mixin.py:154} INFO - [2024-01-05T11:28:43.156-0300] {dag.py:2941} INFO - Sync 1 DAGs
[2024-01-05T11:28:43.171-0300] {logging_mixin.py:154} INFO - [2024-01-05T11:28:43.171-0300] {dag.py:3722} INFO - Setting next_dagrun for cities to 2024-01-05T14:27:43.171199+00:00, run_after=2024-01-05T14:28:43.171199+00:00
[2024-01-05T11:28:43.216-0300] {processor.py:179} INFO - Processing /home/felipe/airflow/dags/dag.py took 7.874 seconds
[2024-01-05T11:29:28.790-0300] {processor.py:157} INFO - Started process (PID=19014) to work on /home/felipe/airflow/dags/dag.py
[2024-01-05T11:29:28.822-0300] {processor.py:829} INFO - Processing file /home/felipe/airflow/dags/dag.py for tasks to queue
[2024-01-05T11:29:28.823-0300] {logging_mixin.py:154} INFO - [2024-01-05T11:29:28.823-0300] {dagbag.py:536} INFO - Filling up the DagBag from /home/felipe/airflow/dags/dag.py
[2024-01-05T11:29:31.611-0300] {logging_mixin.py:154} INFO - SAVING FILE sp
[2024-01-05T11:29:33.187-0300] {logging_mixin.py:154} INFO - SAVING FILE df
[2024-01-05T11:29:34.953-0300] {logging_mixin.py:154} INFO - SAVING FILE cwb
[2024-01-05T11:29:34.955-0300] {processor.py:839} INFO - DAG(s) dict_keys(['cities']) retrieved from /home/felipe/airflow/dags/dag.py
[2024-01-05T11:29:34.964-0300] {logging_mixin.py:154} INFO - [2024-01-05T11:29:34.964-0300] {dag.py:2941} INFO - Sync 1 DAGs
[2024-01-05T11:29:34.978-0300] {logging_mixin.py:154} INFO - [2024-01-05T11:29:34.978-0300] {dag.py:3722} INFO - Setting next_dagrun for cities to 2024-01-05T14:28:34.978673+00:00, run_after=2024-01-05T14:29:34.978673+00:00
[2024-01-05T11:29:35.023-0300] {processor.py:179} INFO - Processing /home/felipe/airflow/dags/dag.py took 6.235 seconds
[2024-01-05T11:30:15.487-0300] {processor.py:157} INFO - Started process (PID=19094) to work on /home/felipe/airflow/dags/dag.py
[2024-01-05T11:30:15.488-0300] {processor.py:829} INFO - Processing file /home/felipe/airflow/dags/dag.py for tasks to queue
[2024-01-05T11:30:15.489-0300] {logging_mixin.py:154} INFO - [2024-01-05T11:30:15.489-0300] {dagbag.py:536} INFO - Filling up the DagBag from /home/felipe/airflow/dags/dag.py
[2024-01-05T11:30:16.730-0300] {logging_mixin.py:154} INFO - SAVING FILE sp
[2024-01-05T11:30:17.188-0300] {logging_mixin.py:154} INFO - SAVING FILE df
[2024-01-05T11:30:17.935-0300] {logging_mixin.py:154} INFO - SAVING FILE cwb
[2024-01-05T11:30:17.937-0300] {processor.py:839} INFO - DAG(s) dict_keys(['cities']) retrieved from /home/felipe/airflow/dags/dag.py
[2024-01-05T11:30:17.946-0300] {logging_mixin.py:154} INFO - [2024-01-05T11:30:17.946-0300] {dag.py:2941} INFO - Sync 1 DAGs
[2024-01-05T11:30:17.961-0300] {logging_mixin.py:154} INFO - [2024-01-05T11:30:17.961-0300] {dag.py:3722} INFO - Setting next_dagrun for cities to 2024-01-05T14:29:17.961277+00:00, run_after=2024-01-05T14:30:17.961277+00:00
[2024-01-05T11:30:18.006-0300] {processor.py:179} INFO - Processing /home/felipe/airflow/dags/dag.py took 2.521 seconds
[2024-01-05T11:30:56.243-0300] {processor.py:157} INFO - Started process (PID=19186) to work on /home/felipe/airflow/dags/dag.py
[2024-01-05T11:30:56.275-0300] {processor.py:829} INFO - Processing file /home/felipe/airflow/dags/dag.py for tasks to queue
[2024-01-05T11:30:56.276-0300] {logging_mixin.py:154} INFO - [2024-01-05T11:30:56.275-0300] {dagbag.py:536} INFO - Filling up the DagBag from /home/felipe/airflow/dags/dag.py
[2024-01-05T11:30:57.541-0300] {logging_mixin.py:154} INFO - SAVING FILE sp
[2024-01-05T11:30:58.035-0300] {logging_mixin.py:154} INFO - SAVING FILE df
[2024-01-05T11:30:58.807-0300] {logging_mixin.py:154} INFO - SAVING FILE cwb
[2024-01-05T11:30:58.809-0300] {processor.py:839} INFO - DAG(s) dict_keys(['cities']) retrieved from /home/felipe/airflow/dags/dag.py
[2024-01-05T11:30:58.816-0300] {logging_mixin.py:154} INFO - [2024-01-05T11:30:58.816-0300] {dag.py:2941} INFO - Sync 1 DAGs
[2024-01-05T11:30:58.828-0300] {logging_mixin.py:154} INFO - [2024-01-05T11:30:58.828-0300] {dag.py:3722} INFO - Setting next_dagrun for cities to 2024-01-05T14:29:58.828597+00:00, run_after=2024-01-05T14:30:58.828597+00:00
[2024-01-05T11:30:58.845-0300] {processor.py:179} INFO - Processing /home/felipe/airflow/dags/dag.py took 2.604 seconds
[2024-01-05T11:31:35.134-0300] {processor.py:157} INFO - Started process (PID=19264) to work on /home/felipe/airflow/dags/dag.py
[2024-01-05T11:31:35.166-0300] {processor.py:829} INFO - Processing file /home/felipe/airflow/dags/dag.py for tasks to queue
[2024-01-05T11:31:35.167-0300] {logging_mixin.py:154} INFO - [2024-01-05T11:31:35.167-0300] {dagbag.py:536} INFO - Filling up the DagBag from /home/felipe/airflow/dags/dag.py
[2024-01-05T11:31:36.361-0300] {logging_mixin.py:154} INFO - SAVING FILE sp
[2024-01-05T11:31:36.812-0300] {logging_mixin.py:154} INFO - SAVING FILE df
[2024-01-05T11:31:38.457-0300] {logging_mixin.py:154} INFO - SAVING FILE cwb
[2024-01-05T11:31:38.459-0300] {processor.py:839} INFO - DAG(s) dict_keys(['cities']) retrieved from /home/felipe/airflow/dags/dag.py
[2024-01-05T11:31:38.468-0300] {logging_mixin.py:154} INFO - [2024-01-05T11:31:38.468-0300] {dag.py:2941} INFO - Sync 1 DAGs
[2024-01-05T11:31:38.483-0300] {logging_mixin.py:154} INFO - [2024-01-05T11:31:38.483-0300] {dag.py:3722} INFO - Setting next_dagrun for cities to 2024-01-05T14:30:38.483210+00:00, run_after=2024-01-05T14:31:38.483210+00:00
[2024-01-05T11:31:38.527-0300] {processor.py:179} INFO - Processing /home/felipe/airflow/dags/dag.py took 3.395 seconds
[2024-01-05T11:32:19.557-0300] {processor.py:157} INFO - Started process (PID=19339) to work on /home/felipe/airflow/dags/dag.py
[2024-01-05T11:32:19.557-0300] {processor.py:829} INFO - Processing file /home/felipe/airflow/dags/dag.py for tasks to queue
[2024-01-05T11:32:19.558-0300] {logging_mixin.py:154} INFO - [2024-01-05T11:32:19.557-0300] {dagbag.py:536} INFO - Filling up the DagBag from /home/felipe/airflow/dags/dag.py
[2024-01-05T11:32:20.765-0300] {logging_mixin.py:154} INFO - SAVING FILE sp
[2024-01-05T11:32:25.681-0300] {logging_mixin.py:154} INFO - SAVING FILE df
[2024-01-05T11:32:27.397-0300] {logging_mixin.py:154} INFO - SAVING FILE cwb
[2024-01-05T11:32:27.399-0300] {processor.py:839} INFO - DAG(s) dict_keys(['cities']) retrieved from /home/felipe/airflow/dags/dag.py
[2024-01-05T11:32:27.409-0300] {logging_mixin.py:154} INFO - [2024-01-05T11:32:27.408-0300] {dag.py:2941} INFO - Sync 1 DAGs
[2024-01-05T11:32:27.423-0300] {logging_mixin.py:154} INFO - [2024-01-05T11:32:27.423-0300] {dag.py:3722} INFO - Setting next_dagrun for cities to 2024-01-05T14:31:27.422932+00:00, run_after=2024-01-05T14:32:27.422932+00:00
[2024-01-05T11:32:27.467-0300] {processor.py:179} INFO - Processing /home/felipe/airflow/dags/dag.py took 7.913 seconds
[2024-01-05T11:33:12.176-0300] {processor.py:157} INFO - Started process (PID=19419) to work on /home/felipe/airflow/dags/dag.py
[2024-01-05T11:33:12.209-0300] {processor.py:829} INFO - Processing file /home/felipe/airflow/dags/dag.py for tasks to queue
[2024-01-05T11:33:12.209-0300] {logging_mixin.py:154} INFO - [2024-01-05T11:33:12.209-0300] {dagbag.py:536} INFO - Filling up the DagBag from /home/felipe/airflow/dags/dag.py
[2024-01-05T11:33:13.361-0300] {logging_mixin.py:154} INFO - SAVING FILE sp
[2024-01-05T11:33:15.412-0300] {logging_mixin.py:154} INFO - SAVING FILE df
[2024-01-05T11:33:16.203-0300] {logging_mixin.py:154} INFO - SAVING FILE cwb
[2024-01-05T11:33:16.204-0300] {processor.py:839} INFO - DAG(s) dict_keys(['cities']) retrieved from /home/felipe/airflow/dags/dag.py
[2024-01-05T11:33:16.210-0300] {logging_mixin.py:154} INFO - [2024-01-05T11:33:16.210-0300] {dag.py:2941} INFO - Sync 1 DAGs
[2024-01-05T11:33:16.220-0300] {logging_mixin.py:154} INFO - [2024-01-05T11:33:16.220-0300] {dag.py:3722} INFO - Setting next_dagrun for cities to 2024-01-05T14:32:16.220406+00:00, run_after=2024-01-05T14:33:16.220406+00:00
[2024-01-05T11:33:16.232-0300] {processor.py:179} INFO - Processing /home/felipe/airflow/dags/dag.py took 4.058 seconds
[2024-01-05T11:33:58.790-0300] {processor.py:157} INFO - Started process (PID=19515) to work on /home/felipe/airflow/dags/dag.py
[2024-01-05T11:33:58.822-0300] {processor.py:829} INFO - Processing file /home/felipe/airflow/dags/dag.py for tasks to queue
[2024-01-05T11:33:58.822-0300] {logging_mixin.py:154} INFO - [2024-01-05T11:33:58.822-0300] {dagbag.py:536} INFO - Filling up the DagBag from /home/felipe/airflow/dags/dag.py
[2024-01-05T11:34:00.049-0300] {logging_mixin.py:154} INFO - SAVING FILE sp
[2024-01-05T11:34:05.723-0300] {logging_mixin.py:154} INFO - SAVING FILE df
[2024-01-05T11:34:06.678-0300] {logging_mixin.py:154} INFO - SAVING FILE cwb
[2024-01-05T11:34:06.680-0300] {processor.py:839} INFO - DAG(s) dict_keys(['cities']) retrieved from /home/felipe/airflow/dags/dag.py
[2024-01-05T11:34:06.689-0300] {logging_mixin.py:154} INFO - [2024-01-05T11:34:06.689-0300] {dag.py:2941} INFO - Sync 1 DAGs
[2024-01-05T11:34:06.704-0300] {logging_mixin.py:154} INFO - [2024-01-05T11:34:06.704-0300] {dag.py:3722} INFO - Setting next_dagrun for cities to 2024-01-05T14:33:06.704054+00:00, run_after=2024-01-05T14:34:06.704054+00:00
[2024-01-05T11:34:06.748-0300] {processor.py:179} INFO - Processing /home/felipe/airflow/dags/dag.py took 7.960 seconds
[2024-01-05T11:34:51.302-0300] {processor.py:157} INFO - Started process (PID=19618) to work on /home/felipe/airflow/dags/dag.py
[2024-01-05T11:34:51.334-0300] {processor.py:829} INFO - Processing file /home/felipe/airflow/dags/dag.py for tasks to queue
[2024-01-05T11:34:51.335-0300] {logging_mixin.py:154} INFO - [2024-01-05T11:34:51.335-0300] {dagbag.py:536} INFO - Filling up the DagBag from /home/felipe/airflow/dags/dag.py
[2024-01-05T11:34:52.548-0300] {logging_mixin.py:154} INFO - SAVING FILE sp
[2024-01-05T11:34:55.376-0300] {logging_mixin.py:154} INFO - SAVING FILE df
[2024-01-05T11:34:56.916-0300] {logging_mixin.py:154} INFO - SAVING FILE cwb
[2024-01-05T11:34:56.918-0300] {processor.py:839} INFO - DAG(s) dict_keys(['cities']) retrieved from /home/felipe/airflow/dags/dag.py
[2024-01-05T11:34:56.925-0300] {logging_mixin.py:154} INFO - [2024-01-05T11:34:56.925-0300] {dag.py:2941} INFO - Sync 1 DAGs
[2024-01-05T11:34:56.936-0300] {logging_mixin.py:154} INFO - [2024-01-05T11:34:56.935-0300] {dag.py:3722} INFO - Setting next_dagrun for cities to 2024-01-05T14:33:56.935825+00:00, run_after=2024-01-05T14:34:56.935825+00:00
[2024-01-05T11:34:57.002-0300] {processor.py:179} INFO - Processing /home/felipe/airflow/dags/dag.py took 5.701 seconds
[2024-01-05T11:35:37.657-0300] {processor.py:157} INFO - Started process (PID=19710) to work on /home/felipe/airflow/dags/dag.py
[2024-01-05T11:35:37.689-0300] {processor.py:829} INFO - Processing file /home/felipe/airflow/dags/dag.py for tasks to queue
[2024-01-05T11:35:37.689-0300] {logging_mixin.py:154} INFO - [2024-01-05T11:35:37.689-0300] {dagbag.py:536} INFO - Filling up the DagBag from /home/felipe/airflow/dags/dag.py
[2024-01-05T11:35:38.952-0300] {logging_mixin.py:154} INFO - SAVING FILE sp
[2024-01-05T11:35:43.814-0300] {logging_mixin.py:154} INFO - SAVING FILE df
[2024-01-05T11:35:45.514-0300] {logging_mixin.py:154} INFO - SAVING FILE cwb
[2024-01-05T11:35:45.516-0300] {processor.py:839} INFO - DAG(s) dict_keys(['cities']) retrieved from /home/felipe/airflow/dags/dag.py
[2024-01-05T11:35:45.525-0300] {logging_mixin.py:154} INFO - [2024-01-05T11:35:45.525-0300] {dag.py:2941} INFO - Sync 1 DAGs
[2024-01-05T11:35:45.540-0300] {logging_mixin.py:154} INFO - [2024-01-05T11:35:45.540-0300] {dag.py:3722} INFO - Setting next_dagrun for cities to 2024-01-05T14:34:45.539893+00:00, run_after=2024-01-05T14:35:45.539893+00:00
[2024-01-05T11:35:45.585-0300] {processor.py:179} INFO - Processing /home/felipe/airflow/dags/dag.py took 7.931 seconds
[2024-01-05T11:36:27.977-0300] {processor.py:157} INFO - Started process (PID=19806) to work on /home/felipe/airflow/dags/dag.py
[2024-01-05T11:36:28.009-0300] {processor.py:829} INFO - Processing file /home/felipe/airflow/dags/dag.py for tasks to queue
[2024-01-05T11:36:28.010-0300] {logging_mixin.py:154} INFO - [2024-01-05T11:36:28.009-0300] {dagbag.py:536} INFO - Filling up the DagBag from /home/felipe/airflow/dags/dag.py
[2024-01-05T11:36:29.239-0300] {logging_mixin.py:154} INFO - SAVING FILE sp
[2024-01-05T11:36:33.617-0300] {logging_mixin.py:154} INFO - SAVING FILE df
[2024-01-05T11:36:35.532-0300] {logging_mixin.py:154} INFO - SAVING FILE cwb
[2024-01-05T11:36:35.534-0300] {processor.py:839} INFO - DAG(s) dict_keys(['cities']) retrieved from /home/felipe/airflow/dags/dag.py
[2024-01-05T11:36:35.545-0300] {logging_mixin.py:154} INFO - [2024-01-05T11:36:35.545-0300] {dag.py:2941} INFO - Sync 1 DAGs
[2024-01-05T11:36:35.560-0300] {logging_mixin.py:154} INFO - [2024-01-05T11:36:35.560-0300] {dag.py:3722} INFO - Setting next_dagrun for cities to 2024-01-05T14:35:35.560004+00:00, run_after=2024-01-05T14:36:35.560004+00:00
[2024-01-05T11:36:35.604-0300] {processor.py:179} INFO - Processing /home/felipe/airflow/dags/dag.py took 7.630 seconds
[2024-01-05T11:37:20.161-0300] {processor.py:157} INFO - Started process (PID=19903) to work on /home/felipe/airflow/dags/dag.py
[2024-01-05T11:37:20.193-0300] {processor.py:829} INFO - Processing file /home/felipe/airflow/dags/dag.py for tasks to queue
[2024-01-05T11:37:20.193-0300] {logging_mixin.py:154} INFO - [2024-01-05T11:37:20.193-0300] {dagbag.py:536} INFO - Filling up the DagBag from /home/felipe/airflow/dags/dag.py
[2024-01-05T11:37:21.376-0300] {logging_mixin.py:154} INFO - SAVING FILE sp
[2024-01-05T11:37:24.227-0300] {logging_mixin.py:154} INFO - SAVING FILE df
[2024-01-05T11:37:24.948-0300] {logging_mixin.py:154} INFO - SAVING FILE cwb
[2024-01-05T11:37:24.950-0300] {processor.py:839} INFO - DAG(s) dict_keys(['cities']) retrieved from /home/felipe/airflow/dags/dag.py
[2024-01-05T11:37:24.956-0300] {logging_mixin.py:154} INFO - [2024-01-05T11:37:24.956-0300] {dag.py:2941} INFO - Sync 1 DAGs
[2024-01-05T11:37:24.967-0300] {logging_mixin.py:154} INFO - [2024-01-05T11:37:24.967-0300] {dag.py:3722} INFO - Setting next_dagrun for cities to 2024-01-05T14:36:24.967167+00:00, run_after=2024-01-05T14:37:24.967167+00:00
[2024-01-05T11:37:25.010-0300] {processor.py:179} INFO - Processing /home/felipe/airflow/dags/dag.py took 4.851 seconds
[2024-01-05T11:38:05.584-0300] {processor.py:157} INFO - Started process (PID=19987) to work on /home/felipe/airflow/dags/dag.py
[2024-01-05T11:38:05.616-0300] {processor.py:829} INFO - Processing file /home/felipe/airflow/dags/dag.py for tasks to queue
[2024-01-05T11:38:05.617-0300] {logging_mixin.py:154} INFO - [2024-01-05T11:38:05.616-0300] {dagbag.py:536} INFO - Filling up the DagBag from /home/felipe/airflow/dags/dag.py
[2024-01-05T11:38:06.883-0300] {logging_mixin.py:154} INFO - SAVING FILE sp
[2024-01-05T11:38:07.398-0300] {logging_mixin.py:154} INFO - SAVING FILE df
[2024-01-05T11:38:09.336-0300] {logging_mixin.py:154} INFO - SAVING FILE cwb
[2024-01-05T11:38:09.338-0300] {processor.py:839} INFO - DAG(s) dict_keys(['cities']) retrieved from /home/felipe/airflow/dags/dag.py
[2024-01-05T11:38:09.347-0300] {logging_mixin.py:154} INFO - [2024-01-05T11:38:09.347-0300] {dag.py:2941} INFO - Sync 1 DAGs
[2024-01-05T11:38:09.362-0300] {logging_mixin.py:154} INFO - [2024-01-05T11:38:09.362-0300] {dag.py:3722} INFO - Setting next_dagrun for cities to 2024-01-05T14:37:09.362081+00:00, run_after=2024-01-05T14:38:09.362081+00:00
[2024-01-05T11:38:09.408-0300] {processor.py:179} INFO - Processing /home/felipe/airflow/dags/dag.py took 3.826 seconds
[2024-01-05T11:38:46.503-0300] {processor.py:157} INFO - Started process (PID=20068) to work on /home/felipe/airflow/dags/dag.py
[2024-01-05T11:38:46.535-0300] {processor.py:829} INFO - Processing file /home/felipe/airflow/dags/dag.py for tasks to queue
[2024-01-05T11:38:46.536-0300] {logging_mixin.py:154} INFO - [2024-01-05T11:38:46.535-0300] {dagbag.py:536} INFO - Filling up the DagBag from /home/felipe/airflow/dags/dag.py
[2024-01-05T11:38:47.774-0300] {logging_mixin.py:154} INFO - SAVING FILE sp
[2024-01-05T11:38:48.238-0300] {logging_mixin.py:154} INFO - SAVING FILE df
[2024-01-05T11:38:50.009-0300] {logging_mixin.py:154} INFO - SAVING FILE cwb
[2024-01-05T11:38:50.011-0300] {processor.py:839} INFO - DAG(s) dict_keys(['cities']) retrieved from /home/felipe/airflow/dags/dag.py
[2024-01-05T11:38:50.020-0300] {logging_mixin.py:154} INFO - [2024-01-05T11:38:50.020-0300] {dag.py:2941} INFO - Sync 1 DAGs
[2024-01-05T11:38:50.034-0300] {logging_mixin.py:154} INFO - [2024-01-05T11:38:50.034-0300] {dag.py:3722} INFO - Setting next_dagrun for cities to 2024-01-05T14:37:50.034473+00:00, run_after=2024-01-05T14:38:50.034473+00:00
[2024-01-05T11:38:50.079-0300] {processor.py:179} INFO - Processing /home/felipe/airflow/dags/dag.py took 3.578 seconds
[2024-01-05T11:39:25.909-0300] {processor.py:157} INFO - Started process (PID=20139) to work on /home/felipe/airflow/dags/dag.py
[2024-01-05T11:39:25.941-0300] {processor.py:829} INFO - Processing file /home/felipe/airflow/dags/dag.py for tasks to queue
[2024-01-05T11:39:25.941-0300] {logging_mixin.py:154} INFO - [2024-01-05T11:39:25.941-0300] {dagbag.py:536} INFO - Filling up the DagBag from /home/felipe/airflow/dags/dag.py
[2024-01-05T11:39:27.123-0300] {logging_mixin.py:154} INFO - SAVING FILE sp
[2024-01-05T11:39:27.569-0300] {logging_mixin.py:154} INFO - SAVING FILE df
[2024-01-05T11:39:29.109-0300] {logging_mixin.py:154} INFO - SAVING FILE cwb
[2024-01-05T11:39:29.111-0300] {processor.py:839} INFO - DAG(s) dict_keys(['cities']) retrieved from /home/felipe/airflow/dags/dag.py
[2024-01-05T11:39:29.120-0300] {logging_mixin.py:154} INFO - [2024-01-05T11:39:29.120-0300] {dag.py:2941} INFO - Sync 1 DAGs
[2024-01-05T11:39:29.134-0300] {logging_mixin.py:154} INFO - [2024-01-05T11:39:29.134-0300] {dag.py:3722} INFO - Setting next_dagrun for cities to 2024-01-05T14:38:29.134388+00:00, run_after=2024-01-05T14:39:29.134388+00:00
[2024-01-05T11:39:29.180-0300] {processor.py:179} INFO - Processing /home/felipe/airflow/dags/dag.py took 3.274 seconds
[2024-01-05T11:40:08.217-0300] {processor.py:157} INFO - Started process (PID=20217) to work on /home/felipe/airflow/dags/dag.py
[2024-01-05T11:40:08.249-0300] {processor.py:829} INFO - Processing file /home/felipe/airflow/dags/dag.py for tasks to queue
[2024-01-05T11:40:08.250-0300] {logging_mixin.py:154} INFO - [2024-01-05T11:40:08.249-0300] {dagbag.py:536} INFO - Filling up the DagBag from /home/felipe/airflow/dags/dag.py
[2024-01-05T11:40:09.373-0300] {logging_mixin.py:154} INFO - SAVING FILE sp
[2024-01-05T11:40:09.802-0300] {logging_mixin.py:154} INFO - SAVING FILE df
[2024-01-05T11:40:11.502-0300] {logging_mixin.py:154} INFO - SAVING FILE cwb
[2024-01-05T11:40:11.505-0300] {processor.py:839} INFO - DAG(s) dict_keys(['cities']) retrieved from /home/felipe/airflow/dags/dag.py
[2024-01-05T11:40:11.514-0300] {logging_mixin.py:154} INFO - [2024-01-05T11:40:11.514-0300] {dag.py:2941} INFO - Sync 1 DAGs
[2024-01-05T11:40:11.529-0300] {logging_mixin.py:154} INFO - [2024-01-05T11:40:11.528-0300] {dag.py:3722} INFO - Setting next_dagrun for cities to 2024-01-05T14:39:11.528706+00:00, run_after=2024-01-05T14:40:11.528706+00:00
[2024-01-05T11:40:11.575-0300] {processor.py:179} INFO - Processing /home/felipe/airflow/dags/dag.py took 3.361 seconds
[2024-01-05T11:40:49.902-0300] {processor.py:157} INFO - Started process (PID=20291) to work on /home/felipe/airflow/dags/dag.py
[2024-01-05T11:40:49.934-0300] {processor.py:829} INFO - Processing file /home/felipe/airflow/dags/dag.py for tasks to queue
[2024-01-05T11:40:49.935-0300] {logging_mixin.py:154} INFO - [2024-01-05T11:40:49.934-0300] {dagbag.py:536} INFO - Filling up the DagBag from /home/felipe/airflow/dags/dag.py
[2024-01-05T11:40:51.065-0300] {logging_mixin.py:154} INFO - SAVING FILE sp
[2024-01-05T11:40:55.819-0300] {logging_mixin.py:154} INFO - SAVING FILE df
[2024-01-05T11:40:57.584-0300] {logging_mixin.py:154} INFO - SAVING FILE cwb
[2024-01-05T11:40:57.586-0300] {processor.py:839} INFO - DAG(s) dict_keys(['cities']) retrieved from /home/felipe/airflow/dags/dag.py
[2024-01-05T11:40:57.595-0300] {logging_mixin.py:154} INFO - [2024-01-05T11:40:57.595-0300] {dag.py:2941} INFO - Sync 1 DAGs
[2024-01-05T11:40:57.609-0300] {logging_mixin.py:154} INFO - [2024-01-05T11:40:57.609-0300] {dag.py:3722} INFO - Setting next_dagrun for cities to 2024-01-05T14:39:57.609225+00:00, run_after=2024-01-05T14:40:57.609225+00:00
[2024-01-05T11:40:57.624-0300] {processor.py:179} INFO - Processing /home/felipe/airflow/dags/dag.py took 7.724 seconds
[2024-01-05T11:41:43.332-0300] {processor.py:157} INFO - Started process (PID=20372) to work on /home/felipe/airflow/dags/dag.py
[2024-01-05T11:41:43.399-0300] {processor.py:829} INFO - Processing file /home/felipe/airflow/dags/dag.py for tasks to queue
[2024-01-05T11:41:43.400-0300] {logging_mixin.py:154} INFO - [2024-01-05T11:41:43.400-0300] {dagbag.py:536} INFO - Filling up the DagBag from /home/felipe/airflow/dags/dag.py
[2024-01-05T11:41:44.661-0300] {logging_mixin.py:154} INFO - SAVING FILE sp
[2024-01-05T11:41:45.769-0300] {logging_mixin.py:154} INFO - SAVING FILE df
[2024-01-05T11:41:47.588-0300] {logging_mixin.py:154} INFO - SAVING FILE cwb
[2024-01-05T11:41:47.590-0300] {processor.py:839} INFO - DAG(s) dict_keys(['cities']) retrieved from /home/felipe/airflow/dags/dag.py
[2024-01-05T11:41:47.600-0300] {logging_mixin.py:154} INFO - [2024-01-05T11:41:47.599-0300] {dag.py:2941} INFO - Sync 1 DAGs
[2024-01-05T11:41:47.614-0300] {logging_mixin.py:154} INFO - [2024-01-05T11:41:47.614-0300] {dag.py:3722} INFO - Setting next_dagrun for cities to 2024-01-05T14:40:47.613853+00:00, run_after=2024-01-05T14:41:47.613853+00:00
[2024-01-05T11:41:47.658-0300] {processor.py:179} INFO - Processing /home/felipe/airflow/dags/dag.py took 4.328 seconds
[2024-01-05T11:42:28.187-0300] {processor.py:157} INFO - Started process (PID=20450) to work on /home/felipe/airflow/dags/dag.py
[2024-01-05T11:42:28.219-0300] {processor.py:829} INFO - Processing file /home/felipe/airflow/dags/dag.py for tasks to queue
[2024-01-05T11:42:28.219-0300] {logging_mixin.py:154} INFO - [2024-01-05T11:42:28.219-0300] {dagbag.py:536} INFO - Filling up the DagBag from /home/felipe/airflow/dags/dag.py
[2024-01-05T11:42:29.405-0300] {logging_mixin.py:154} INFO - SAVING FILE sp
[2024-01-05T11:42:29.856-0300] {logging_mixin.py:154} INFO - SAVING FILE df
[2024-01-05T11:42:30.638-0300] {logging_mixin.py:154} INFO - SAVING FILE cwb
[2024-01-05T11:42:30.640-0300] {processor.py:839} INFO - DAG(s) dict_keys(['cities']) retrieved from /home/felipe/airflow/dags/dag.py
[2024-01-05T11:42:30.649-0300] {logging_mixin.py:154} INFO - [2024-01-05T11:42:30.649-0300] {dag.py:2941} INFO - Sync 1 DAGs
[2024-01-05T11:42:30.663-0300] {logging_mixin.py:154} INFO - [2024-01-05T11:42:30.663-0300] {dag.py:3722} INFO - Setting next_dagrun for cities to 2024-01-05T14:41:30.663314+00:00, run_after=2024-01-05T14:42:30.663314+00:00
[2024-01-05T11:42:30.708-0300] {processor.py:179} INFO - Processing /home/felipe/airflow/dags/dag.py took 2.523 seconds
[2024-01-05T11:43:07.900-0300] {processor.py:157} INFO - Started process (PID=20523) to work on /home/felipe/airflow/dags/dag.py
[2024-01-05T11:43:07.932-0300] {processor.py:829} INFO - Processing file /home/felipe/airflow/dags/dag.py for tasks to queue
[2024-01-05T11:43:07.932-0300] {logging_mixin.py:154} INFO - [2024-01-05T11:43:07.932-0300] {dagbag.py:536} INFO - Filling up the DagBag from /home/felipe/airflow/dags/dag.py
[2024-01-05T11:43:09.212-0300] {logging_mixin.py:154} INFO - SAVING FILE sp
[2024-01-05T11:43:09.674-0300] {logging_mixin.py:154} INFO - SAVING FILE df
[2024-01-05T11:43:10.736-0300] {logging_mixin.py:154} INFO - SAVING FILE cwb
[2024-01-05T11:43:10.739-0300] {processor.py:839} INFO - DAG(s) dict_keys(['cities']) retrieved from /home/felipe/airflow/dags/dag.py
[2024-01-05T11:43:10.748-0300] {logging_mixin.py:154} INFO - [2024-01-05T11:43:10.747-0300] {dag.py:2941} INFO - Sync 1 DAGs
[2024-01-05T11:43:10.762-0300] {logging_mixin.py:154} INFO - [2024-01-05T11:43:10.762-0300] {dag.py:3722} INFO - Setting next_dagrun for cities to 2024-01-05T14:42:10.762214+00:00, run_after=2024-01-05T14:43:10.762214+00:00
[2024-01-05T11:43:10.807-0300] {processor.py:179} INFO - Processing /home/felipe/airflow/dags/dag.py took 2.909 seconds
[2024-01-05T11:43:47.674-0300] {processor.py:157} INFO - Started process (PID=20601) to work on /home/felipe/airflow/dags/dag.py
[2024-01-05T11:43:47.706-0300] {processor.py:829} INFO - Processing file /home/felipe/airflow/dags/dag.py for tasks to queue
[2024-01-05T11:43:47.707-0300] {logging_mixin.py:154} INFO - [2024-01-05T11:43:47.706-0300] {dagbag.py:536} INFO - Filling up the DagBag from /home/felipe/airflow/dags/dag.py
[2024-01-05T11:43:48.917-0300] {logging_mixin.py:154} INFO - SAVING FILE sp
[2024-01-05T11:43:49.364-0300] {logging_mixin.py:154} INFO - SAVING FILE df
[2024-01-05T11:43:51.100-0300] {logging_mixin.py:154} INFO - SAVING FILE cwb
[2024-01-05T11:43:51.102-0300] {processor.py:839} INFO - DAG(s) dict_keys(['cities']) retrieved from /home/felipe/airflow/dags/dag.py
[2024-01-05T11:43:51.111-0300] {logging_mixin.py:154} INFO - [2024-01-05T11:43:51.111-0300] {dag.py:2941} INFO - Sync 1 DAGs
[2024-01-05T11:43:51.126-0300] {logging_mixin.py:154} INFO - [2024-01-05T11:43:51.125-0300] {dag.py:3722} INFO - Setting next_dagrun for cities to 2024-01-05T14:42:51.125714+00:00, run_after=2024-01-05T14:43:51.125714+00:00
[2024-01-05T11:43:51.170-0300] {processor.py:179} INFO - Processing /home/felipe/airflow/dags/dag.py took 3.498 seconds
[2024-01-05T11:44:31.659-0300] {processor.py:157} INFO - Started process (PID=20678) to work on /home/felipe/airflow/dags/dag.py
[2024-01-05T11:44:31.691-0300] {processor.py:829} INFO - Processing file /home/felipe/airflow/dags/dag.py for tasks to queue
[2024-01-05T11:44:31.692-0300] {logging_mixin.py:154} INFO - [2024-01-05T11:44:31.692-0300] {dagbag.py:536} INFO - Filling up the DagBag from /home/felipe/airflow/dags/dag.py
[2024-01-05T11:44:32.898-0300] {logging_mixin.py:154} INFO - SAVING FILE sp
[2024-01-05T11:44:38.540-0300] {logging_mixin.py:154} INFO - SAVING FILE df
[2024-01-05T11:44:39.313-0300] {logging_mixin.py:154} INFO - SAVING FILE cwb
[2024-01-05T11:44:39.315-0300] {processor.py:839} INFO - DAG(s) dict_keys(['cities']) retrieved from /home/felipe/airflow/dags/dag.py
[2024-01-05T11:44:39.324-0300] {logging_mixin.py:154} INFO - [2024-01-05T11:44:39.324-0300] {dag.py:2941} INFO - Sync 1 DAGs
[2024-01-05T11:44:39.338-0300] {logging_mixin.py:154} INFO - [2024-01-05T11:44:39.338-0300] {dag.py:3722} INFO - Setting next_dagrun for cities to 2024-01-05T14:43:39.338614+00:00, run_after=2024-01-05T14:44:39.338614+00:00
[2024-01-05T11:44:39.387-0300] {processor.py:179} INFO - Processing /home/felipe/airflow/dags/dag.py took 7.730 seconds
[2024-01-05T11:45:22.648-0300] {processor.py:157} INFO - Started process (PID=20761) to work on /home/felipe/airflow/dags/dag.py
[2024-01-05T11:45:22.680-0300] {processor.py:829} INFO - Processing file /home/felipe/airflow/dags/dag.py for tasks to queue
[2024-01-05T11:45:22.680-0300] {logging_mixin.py:154} INFO - [2024-01-05T11:45:22.680-0300] {dagbag.py:536} INFO - Filling up the DagBag from /home/felipe/airflow/dags/dag.py
[2024-01-05T11:45:23.904-0300] {logging_mixin.py:154} INFO - SAVING FILE sp
[2024-01-05T11:45:24.420-0300] {logging_mixin.py:154} INFO - SAVING FILE df
[2024-01-05T11:45:26.091-0300] {logging_mixin.py:154} INFO - SAVING FILE cwb
[2024-01-05T11:45:26.093-0300] {processor.py:839} INFO - DAG(s) dict_keys(['cities']) retrieved from /home/felipe/airflow/dags/dag.py
[2024-01-05T11:45:26.102-0300] {logging_mixin.py:154} INFO - [2024-01-05T11:45:26.101-0300] {dag.py:2941} INFO - Sync 1 DAGs
[2024-01-05T11:45:26.116-0300] {logging_mixin.py:154} INFO - [2024-01-05T11:45:26.115-0300] {dag.py:3722} INFO - Setting next_dagrun for cities to 2024-01-05T14:44:26.115717+00:00, run_after=2024-01-05T14:45:26.115717+00:00
[2024-01-05T11:45:26.160-0300] {processor.py:179} INFO - Processing /home/felipe/airflow/dags/dag.py took 3.515 seconds
[2024-01-05T11:46:04.767-0300] {processor.py:157} INFO - Started process (PID=20833) to work on /home/felipe/airflow/dags/dag.py
[2024-01-05T11:46:04.799-0300] {processor.py:829} INFO - Processing file /home/felipe/airflow/dags/dag.py for tasks to queue
[2024-01-05T11:46:04.800-0300] {logging_mixin.py:154} INFO - [2024-01-05T11:46:04.800-0300] {dagbag.py:536} INFO - Filling up the DagBag from /home/felipe/airflow/dags/dag.py
[2024-01-05T11:46:06.036-0300] {logging_mixin.py:154} INFO - SAVING FILE sp
[2024-01-05T11:46:11.063-0300] {logging_mixin.py:154} INFO - SAVING FILE df
[2024-01-05T11:46:12.868-0300] {logging_mixin.py:154} INFO - SAVING FILE cwb
[2024-01-05T11:46:12.870-0300] {processor.py:839} INFO - DAG(s) dict_keys(['cities']) retrieved from /home/felipe/airflow/dags/dag.py
[2024-01-05T11:46:12.878-0300] {logging_mixin.py:154} INFO - [2024-01-05T11:46:12.877-0300] {dag.py:2941} INFO - Sync 1 DAGs
[2024-01-05T11:46:12.889-0300] {logging_mixin.py:154} INFO - [2024-01-05T11:46:12.888-0300] {dag.py:3722} INFO - Setting next_dagrun for cities to 2024-01-05T14:45:12.888814+00:00, run_after=2024-01-05T14:46:12.888814+00:00
[2024-01-05T11:46:12.932-0300] {processor.py:179} INFO - Processing /home/felipe/airflow/dags/dag.py took 8.166 seconds
[2024-01-05T11:46:56.309-0300] {processor.py:157} INFO - Started process (PID=20914) to work on /home/felipe/airflow/dags/dag.py
[2024-01-05T11:46:56.341-0300] {processor.py:829} INFO - Processing file /home/felipe/airflow/dags/dag.py for tasks to queue
[2024-01-05T11:46:56.342-0300] {logging_mixin.py:154} INFO - [2024-01-05T11:46:56.341-0300] {dagbag.py:536} INFO - Filling up the DagBag from /home/felipe/airflow/dags/dag.py
[2024-01-05T11:46:57.565-0300] {logging_mixin.py:154} INFO - SAVING FILE sp
[2024-01-05T11:47:03.058-0300] {logging_mixin.py:154} INFO - SAVING FILE df
[2024-01-05T11:47:05.133-0300] {logging_mixin.py:154} INFO - SAVING FILE cwb
[2024-01-05T11:47:05.135-0300] {processor.py:839} INFO - DAG(s) dict_keys(['cities']) retrieved from /home/felipe/airflow/dags/dag.py
[2024-01-05T11:47:05.144-0300] {logging_mixin.py:154} INFO - [2024-01-05T11:47:05.144-0300] {dag.py:2941} INFO - Sync 1 DAGs
[2024-01-05T11:47:05.159-0300] {logging_mixin.py:154} INFO - [2024-01-05T11:47:05.159-0300] {dag.py:3722} INFO - Setting next_dagrun for cities to 2024-01-05T14:46:05.158889+00:00, run_after=2024-01-05T14:47:05.158889+00:00
[2024-01-05T11:47:05.205-0300] {processor.py:179} INFO - Processing /home/felipe/airflow/dags/dag.py took 8.899 seconds
[2024-01-05T11:47:47.713-0300] {processor.py:157} INFO - Started process (PID=20993) to work on /home/felipe/airflow/dags/dag.py
[2024-01-05T11:47:47.745-0300] {processor.py:829} INFO - Processing file /home/felipe/airflow/dags/dag.py for tasks to queue
[2024-01-05T11:47:47.746-0300] {logging_mixin.py:154} INFO - [2024-01-05T11:47:47.745-0300] {dagbag.py:536} INFO - Filling up the DagBag from /home/felipe/airflow/dags/dag.py
[2024-01-05T11:47:48.975-0300] {logging_mixin.py:154} INFO - SAVING FILE sp
[2024-01-05T11:47:53.160-0300] {logging_mixin.py:154} INFO - SAVING FILE df
[2024-01-05T11:47:54.015-0300] {logging_mixin.py:154} INFO - SAVING FILE cwb
[2024-01-05T11:47:54.017-0300] {processor.py:839} INFO - DAG(s) dict_keys(['cities']) retrieved from /home/felipe/airflow/dags/dag.py
[2024-01-05T11:47:54.026-0300] {logging_mixin.py:154} INFO - [2024-01-05T11:47:54.026-0300] {dag.py:2941} INFO - Sync 1 DAGs
[2024-01-05T11:47:54.039-0300] {logging_mixin.py:154} INFO - [2024-01-05T11:47:54.039-0300] {dag.py:3722} INFO - Setting next_dagrun for cities to 2024-01-05T14:46:54.039121+00:00, run_after=2024-01-05T14:47:54.039121+00:00
[2024-01-05T11:47:54.081-0300] {processor.py:179} INFO - Processing /home/felipe/airflow/dags/dag.py took 6.370 seconds
[2024-01-05T11:48:45.348-0300] {processor.py:157} INFO - Started process (PID=21084) to work on /home/felipe/airflow/dags/dag.py
[2024-01-05T11:48:45.380-0300] {processor.py:829} INFO - Processing file /home/felipe/airflow/dags/dag.py for tasks to queue
[2024-01-05T11:48:45.381-0300] {logging_mixin.py:154} INFO - [2024-01-05T11:48:45.380-0300] {dagbag.py:536} INFO - Filling up the DagBag from /home/felipe/airflow/dags/dag.py
[2024-01-05T11:48:46.610-0300] {logging_mixin.py:154} INFO - SAVING FILE sp
[2024-01-05T11:48:47.128-0300] {logging_mixin.py:154} INFO - SAVING FILE df
[2024-01-05T11:48:48.948-0300] {logging_mixin.py:154} INFO - SAVING FILE cwb
[2024-01-05T11:48:48.950-0300] {processor.py:839} INFO - DAG(s) dict_keys(['cities']) retrieved from /home/felipe/airflow/dags/dag.py
[2024-01-05T11:48:48.959-0300] {logging_mixin.py:154} INFO - [2024-01-05T11:48:48.959-0300] {dag.py:2941} INFO - Sync 1 DAGs
[2024-01-05T11:48:48.973-0300] {logging_mixin.py:154} INFO - [2024-01-05T11:48:48.973-0300] {dag.py:3722} INFO - Setting next_dagrun for cities to 2024-01-05T14:47:48.973571+00:00, run_after=2024-01-05T14:48:48.973571+00:00
[2024-01-05T11:48:49.023-0300] {processor.py:179} INFO - Processing /home/felipe/airflow/dags/dag.py took 3.676 seconds
[2024-01-05T11:49:36.401-0300] {processor.py:157} INFO - Started process (PID=21168) to work on /home/felipe/airflow/dags/dag.py
[2024-01-05T11:49:36.420-0300] {processor.py:829} INFO - Processing file /home/felipe/airflow/dags/dag.py for tasks to queue
[2024-01-05T11:49:36.420-0300] {logging_mixin.py:154} INFO - [2024-01-05T11:49:36.420-0300] {dagbag.py:536} INFO - Filling up the DagBag from /home/felipe/airflow/dags/dag.py
[2024-01-05T11:49:37.769-0300] {logging_mixin.py:154} INFO - SAVING FILE sp
[2024-01-05T11:49:38.355-0300] {logging_mixin.py:154} INFO - SAVING FILE df
[2024-01-05T11:49:40.192-0300] {logging_mixin.py:154} INFO - SAVING FILE cwb
[2024-01-05T11:49:40.194-0300] {processor.py:839} INFO - DAG(s) dict_keys(['cities']) retrieved from /home/felipe/airflow/dags/dag.py
[2024-01-05T11:49:40.202-0300] {logging_mixin.py:154} INFO - [2024-01-05T11:49:40.202-0300] {dag.py:2941} INFO - Sync 1 DAGs
[2024-01-05T11:49:40.215-0300] {logging_mixin.py:154} INFO - [2024-01-05T11:49:40.214-0300] {dag.py:3722} INFO - Setting next_dagrun for cities to 2024-01-05T14:48:40.214719+00:00, run_after=2024-01-05T14:49:40.214719+00:00
[2024-01-05T11:49:40.261-0300] {processor.py:179} INFO - Processing /home/felipe/airflow/dags/dag.py took 3.862 seconds
[2024-01-05T11:50:19.751-0300] {processor.py:157} INFO - Started process (PID=21245) to work on /home/felipe/airflow/dags/dag.py
[2024-01-05T11:50:19.784-0300] {processor.py:829} INFO - Processing file /home/felipe/airflow/dags/dag.py for tasks to queue
[2024-01-05T11:50:19.784-0300] {logging_mixin.py:154} INFO - [2024-01-05T11:50:19.784-0300] {dagbag.py:536} INFO - Filling up the DagBag from /home/felipe/airflow/dags/dag.py
[2024-01-05T11:50:21.006-0300] {logging_mixin.py:154} INFO - SAVING FILE sp
[2024-01-05T11:50:24.125-0300] {logging_mixin.py:154} INFO - SAVING FILE df
[2024-01-05T11:50:24.969-0300] {logging_mixin.py:154} INFO - SAVING FILE cwb
[2024-01-05T11:50:24.971-0300] {processor.py:839} INFO - DAG(s) dict_keys(['cities']) retrieved from /home/felipe/airflow/dags/dag.py
[2024-01-05T11:50:24.980-0300] {logging_mixin.py:154} INFO - [2024-01-05T11:50:24.980-0300] {dag.py:2941} INFO - Sync 1 DAGs
[2024-01-05T11:50:24.995-0300] {logging_mixin.py:154} INFO - [2024-01-05T11:50:24.994-0300] {dag.py:3722} INFO - Setting next_dagrun for cities to 2024-01-05T14:49:24.994739+00:00, run_after=2024-01-05T14:50:24.994739+00:00
[2024-01-05T11:50:25.044-0300] {processor.py:179} INFO - Processing /home/felipe/airflow/dags/dag.py took 5.294 seconds
[2024-01-05T11:51:05.506-0300] {processor.py:157} INFO - Started process (PID=21322) to work on /home/felipe/airflow/dags/dag.py
[2024-01-05T11:51:05.508-0300] {processor.py:829} INFO - Processing file /home/felipe/airflow/dags/dag.py for tasks to queue
[2024-01-05T11:51:05.508-0300] {logging_mixin.py:154} INFO - [2024-01-05T11:51:05.508-0300] {dagbag.py:536} INFO - Filling up the DagBag from /home/felipe/airflow/dags/dag.py
[2024-01-05T11:51:06.734-0300] {logging_mixin.py:154} INFO - SAVING FILE sp
[2024-01-05T11:51:07.256-0300] {logging_mixin.py:154} INFO - SAVING FILE df
[2024-01-05T11:51:09.028-0300] {logging_mixin.py:154} INFO - SAVING FILE cwb
[2024-01-05T11:51:09.030-0300] {processor.py:839} INFO - DAG(s) dict_keys(['cities']) retrieved from /home/felipe/airflow/dags/dag.py
[2024-01-05T11:51:09.039-0300] {logging_mixin.py:154} INFO - [2024-01-05T11:51:09.039-0300] {dag.py:2941} INFO - Sync 1 DAGs
[2024-01-05T11:51:09.050-0300] {logging_mixin.py:154} INFO - [2024-01-05T11:51:09.050-0300] {dag.py:3722} INFO - Setting next_dagrun for cities to 2024-01-05T14:50:09.049892+00:00, run_after=2024-01-05T14:51:09.049892+00:00
[2024-01-05T11:51:09.081-0300] {processor.py:179} INFO - Processing /home/felipe/airflow/dags/dag.py took 3.577 seconds
[2024-01-05T11:51:51.295-0300] {processor.py:157} INFO - Started process (PID=21436) to work on /home/felipe/airflow/dags/dag.py
[2024-01-05T11:51:51.327-0300] {processor.py:829} INFO - Processing file /home/felipe/airflow/dags/dag.py for tasks to queue
[2024-01-05T11:51:51.327-0300] {logging_mixin.py:154} INFO - [2024-01-05T11:51:51.327-0300] {dagbag.py:536} INFO - Filling up the DagBag from /home/felipe/airflow/dags/dag.py
[2024-01-05T11:51:52.543-0300] {logging_mixin.py:154} INFO - SAVING FILE sp
[2024-01-05T11:51:53.414-0300] {logging_mixin.py:154} INFO - SAVING FILE df
[2024-01-05T11:51:54.261-0300] {logging_mixin.py:154} INFO - SAVING FILE cwb
[2024-01-05T11:51:54.263-0300] {processor.py:839} INFO - DAG(s) dict_keys(['cities']) retrieved from /home/felipe/airflow/dags/dag.py
[2024-01-05T11:51:54.272-0300] {logging_mixin.py:154} INFO - [2024-01-05T11:51:54.272-0300] {dag.py:2941} INFO - Sync 1 DAGs
[2024-01-05T11:51:54.286-0300] {logging_mixin.py:154} INFO - [2024-01-05T11:51:54.286-0300] {dag.py:3722} INFO - Setting next_dagrun for cities to 2024-01-05T14:50:54.286275+00:00, run_after=2024-01-05T14:51:54.286275+00:00
[2024-01-05T11:51:54.333-0300] {processor.py:179} INFO - Processing /home/felipe/airflow/dags/dag.py took 3.040 seconds
